Apr 11 01:56:51 HP-ProBook-650-G1 kernel: [ 7672.882697] [UFW BLOCK] IN=wlo1 OUT= MAC=01:00:5e:00:00:01:88:44:77:21:e3:d3:08:00 SRC=192.168.1.1 DST=224.0.0.1 LEN=36 TOS=0x00 PREC=0x00 TTL=1 ID=0 DF PROTO=2 
Apr 11 01:58:55 HP-ProBook-650-G1 kernel: [ 7797.810382] [UFW BLOCK] IN=wlo1 OUT= MAC=01:00:5e:00:00:01:88:44:77:21:e3:d3:08:00 SRC=192.168.1.1 DST=224.0.0.1 LEN=36 TOS=0x00 PREC=0x00 TTL=1 ID=0 DF PROTO=2 
Apr 11 02:01:00 HP-ProBook-650-G1 kernel: [ 7922.737974] [UFW BLOCK] IN=wlo1 OUT= MAC=01:00:5e:00:00:01:88:44:77:21:e3:d3:08:00 SRC=192.168.1.1 DST=224.0.0.1 LEN=36 TOS=0x00 PREC=0x00 TTL=1 ID=0 DF PROTO=2 
Apr 11 02:03:05 HP-ProBook-650-G1 kernel: [ 8047.767739] [UFW BLOCK] IN=wlo1 OUT= MAC=01:00:5e:00:00:01:88:44:77:21:e3:d3:08:00 SRC=192.168.1.1 DST=224.0.0.1 LEN=36 TOS=0x00 PREC=0x00 TTL=1 ID=0 DF PROTO=2 
Apr 11 02:05:10 HP-ProBook-650-G1 kernel: [ 8172.695531] [UFW BLOCK] IN=wlo1 OUT= MAC=01:00:5e:00:00:01:88:44:77:21:e3:d3:08:00 SRC=192.168.1.1 DST=224.0.0.1 LEN=36 TOS=0x00 PREC=0x00 TTL=1 ID=0 DF PROTO=2 
Apr 11 02:07:15 HP-ProBook-650-G1 kernel: [ 8297.622937] [UFW BLOCK] IN=wlo1 OUT= MAC=01:00:5e:00:00:01:88:44:77:21:e3:d3:08:00 SRC=192.168.1.1 DST=224.0.0.1 LEN=36 TOS=0x00 PREC=0x00 TTL=1 ID=0 DF PROTO=2 
Apr 11 02:13:30 HP-ProBook-650-G1 kernel: [ 8672.508032] [UFW BLOCK] IN=wlo1 OUT= MAC=01:00:5e:00:00:01:88:44:77:21:e3:d3:08:00 SRC=192.168.1.1 DST=224.0.0.1 LEN=36 TOS=0x00 PREC=0x00 TTL=1 ID=0 DF PROTO=2 
Apr 11 02:15:35 HP-ProBook-650-G1 kernel: [ 8797.435513] [UFW BLOCK] IN=wlo1 OUT= MAC=01:00:5e:00:00:01:88:44:77:21:e3:d3:08:00 SRC=192.168.1.1 DST=224.0.0.1 LEN=36 TOS=0x00 PREC=0x00 TTL=1 ID=0 DF PROTO=2 
Apr 11 09:26:26 HP-ProBook-650-G1 kernel: [    0.000000] microcode: microcode updated early to revision 0x28, date = 2019-11-12
Apr 11 09:26:26 HP-ProBook-650-G1 kernel: [    0.000000] Linux version 4.15.0-136-generic (buildd@lcy01-amd64-029) (gcc version 7.5.0 (Ubuntu 7.5.0-3ubuntu1~18.04)) #140-Ubuntu SMP Thu Jan 28 05:20:47 UTC 2021 (Ubuntu 4.15.0-136.140-generic 4.15.18)
Apr 11 09:26:26 HP-ProBook-650-G1 kernel: [    0.000000] Command line: BOOT_IMAGE=/boot/vmlinuz-4.15.0-136-generic root=UUID=599643e2-003e-4d8f-b802-3d1db0eaa45d ro quiet splash
Apr 11 09:26:26 HP-ProBook-650-G1 kernel: [    0.000000] KERNEL supported cpus:
Apr 11 09:26:26 HP-ProBook-650-G1 kernel: [    0.000000]   Intel GenuineIntel
Apr 11 09:26:26 HP-ProBook-650-G1 kernel: [    0.000000]   AMD AuthenticAMD
Apr 11 09:26:26 HP-ProBook-650-G1 kernel: [    0.000000]   Centaur CentaurHauls
Apr 11 09:26:26 HP-ProBook-650-G1 kernel: [    0.000000] x86/fpu: Supporting XSAVE feature 0x001: 'x87 floating point registers'
Apr 11 09:26:26 HP-ProBook-650-G1 kernel: [    0.000000] x86/fpu: Supporting XSAVE feature 0x002: 'SSE registers'
Apr 11 09:26:26 HP-ProBook-650-G1 kernel: [    0.000000] x86/fpu: Supporting XSAVE feature 0x004: 'AVX registers'
Apr 11 09:26:26 HP-ProBook-650-G1 kernel: [    0.000000] x86/fpu: xstate_offset[2]:  576, xstate_sizes[2]:  256
Apr 11 09:26:26 HP-ProBook-650-G1 kernel: [    0.000000] x86/fpu: Enabled xstate features 0x7, context size is 832 bytes, using 'standard' format.
Apr 11 09:26:26 HP-ProBook-650-G1 kernel: [    0.000000] e820: BIOS-provided physical RAM map:
Apr 11 09:26:26 HP-ProBook-650-G1 kernel: [    0.000000] BIOS-e820: [mem 0x0000000000000000-0x000000000009dbff] usable
Apr 11 09:26:26 HP-ProBook-650-G1 kernel: [    0.000000] BIOS-e820: [mem 0x000000000009dc00-0x000000000009ffff] reserved
Apr 11 09:26:26 HP-ProBook-650-G1 kernel: [    0.000000] BIOS-e820: [mem 0x00000000000e0000-0x00000000000fffff] reserved
Apr 11 09:26:26 HP-ProBook-650-G1 kernel: [    0.000000] BIOS-e820: [mem 0x0000000000100000-0x00000000bab7efff] usable
Apr 11 09:26:26 HP-ProBook-650-G1 kernel: [    0.000000] BIOS-e820: [mem 0x00000000bab7f000-0x00000000bbe7efff] reserved
Apr 11 09:26:26 HP-ProBook-650-G1 kernel: [    0.000000] BIOS-e820: [mem 0x00000000bbe7f000-0x00000000bbf7efff] ACPI NVS
Apr 11 09:26:26 HP-ProBook-650-G1 kernel: [    0.000000] BIOS-e820: [mem 0x00000000bbf7f000-0x00000000bbffefff] ACPI data
Apr 11 09:26:26 HP-ProBook-650-G1 kernel: [    0.000000] BIOS-e820: [mem 0x00000000bbfff000-0x00000000bbffffff] usable
Apr 11 09:26:26 HP-ProBook-650-G1 kernel: [    0.000000] BIOS-e820: [mem 0x00000000bc000000-0x00000000bf1fffff] reserved
Apr 11 09:26:26 HP-ProBook-650-G1 kernel: [    0.000000] BIOS-e820: [mem 0x00000000e0000000-0x00000000efffffff] reserved
Apr 11 09:26:26 HP-ProBook-650-G1 kernel: [    0.000000] BIOS-e820: [mem 0x00000000fec00000-0x00000000fec00fff] reserved
Apr 11 09:26:26 HP-ProBook-650-G1 kernel: [    0.000000] BIOS-e820: [mem 0x00000000fed10000-0x00000000fed13fff] reserved
Apr 11 09:26:26 HP-ProBook-650-G1 kernel: [    0.000000] BIOS-e820: [mem 0x00000000fed18000-0x00000000fed19fff] reserved
Apr 11 09:26:26 HP-ProBook-650-G1 kernel: [    0.000000] BIOS-e820: [mem 0x00000000fed1c000-0x00000000fed1ffff] reserved
Apr 11 09:26:26 HP-ProBook-650-G1 kernel: [    0.000000] BIOS-e820: [mem 0x00000000fee00000-0x00000000fee00fff] reserved
Apr 11 09:26:26 HP-ProBook-650-G1 kernel: [    0.000000] BIOS-e820: [mem 0x00000000ff800000-0x00000000ffffffff] reserved
Apr 11 09:26:26 HP-ProBook-650-G1 kernel: [    0.000000] BIOS-e820: [mem 0x0000000100000000-0x000000023fdfffff] usable
Apr 11 09:26:26 HP-ProBook-650-G1 kernel: [    0.000000] NX (Execute Disable) protection: active
Apr 11 09:26:26 HP-ProBook-650-G1 kernel: [    0.000000] SMBIOS 2.7 present.
Apr 11 09:26:26 HP-ProBook-650-G1 kernel: [    0.000000] DMI: Hewlett-Packard HP ProBook 650 G1/1993, BIOS L77 Ver. 01.32 03/25/2015
Apr 11 09:26:26 HP-ProBook-650-G1 kernel: [    0.000000] e820: update [mem 0x00000000-0x00000fff] usable ==> reserved
Apr 11 09:26:26 HP-ProBook-650-G1 kernel: [    0.000000] e820: remove [mem 0x000a0000-0x000fffff] usable
Apr 11 09:26:26 HP-ProBook-650-G1 kernel: [    0.000000] e820: last_pfn = 0x23fe00 max_arch_pfn = 0x400000000
Apr 11 09:26:26 HP-ProBook-650-G1 kernel: [    0.000000] MTRR default type: uncachable
Apr 11 09:26:26 HP-ProBook-650-G1 kernel: [    0.000000] MTRR fixed ranges enabled:
Apr 11 09:26:26 HP-ProBook-650-G1 kernel: [    0.000000]   00000-9FFFF write-back
Apr 11 09:26:26 HP-ProBook-650-G1 kernel: [    0.000000]   A0000-BFFFF uncachable
Apr 11 09:26:26 HP-ProBook-650-G1 kernel: [    0.000000]   C0000-FFFFF write-protect
Apr 11 09:26:26 HP-ProBook-650-G1 kernel: [    0.000000] MTRR variable ranges enabled:
Apr 11 09:26:26 HP-ProBook-650-G1 kernel: [    0.000000]   0 base 00FF800000 mask 7FFF800000 write-protect
Apr 11 09:26:26 HP-ProBook-650-G1 kernel: [    0.000000]   1 base 0000000000 mask 7F80000000 write-back
Apr 11 09:26:26 HP-ProBook-650-G1 kernel: [    0.000000]   2 base 0080000000 mask 7FC0000000 write-back
Apr 11 09:26:26 HP-ProBook-650-G1 kernel: [    0.000000]   3 base 00BE000000 mask 7FFE000000 uncachable
Apr 11 09:26:26 HP-ProBook-650-G1 kernel: [    0.000000]   4 base 00BD000000 mask 7FFF000000 uncachable
Apr 11 09:26:26 HP-ProBook-650-G1 kernel: [    0.000000]   5 base 0100000000 mask 7F00000000 write-back
Apr 11 09:26:26 HP-ProBook-650-G1 kernel: [    0.000000]   6 base 0200000000 mask 7FC0000000 write-back
Apr 11 09:26:26 HP-ProBook-650-G1 kernel: [    0.000000]   7 base 023FE00000 mask 7FFFE00000 uncachable
Apr 11 09:26:26 HP-ProBook-650-G1 kernel: [    0.000000]   8 disabled
Apr 11 09:26:26 HP-ProBook-650-G1 kernel: [    0.000000]   9 disabled
Apr 11 09:26:26 HP-ProBook-650-G1 kernel: [    0.000000] x86/PAT: Configuration [0-7]: WB  WC  UC- UC  WB  WP  UC- WT  
Apr 11 09:26:26 HP-ProBook-650-G1 kernel: [    0.000000] e820: last_pfn = 0xbc000 max_arch_pfn = 0x400000000
Apr 11 09:26:26 HP-ProBook-650-G1 kernel: [    0.000000] Scanning 1 areas for low memory corruption
Apr 11 09:26:26 HP-ProBook-650-G1 kernel: [    0.000000] Using GB pages for direct mapping
Apr 11 09:26:26 HP-ProBook-650-G1 kernel: [    0.000000] RAMDISK: [mem 0x31203000-0x348f8fff]
Apr 11 09:26:26 HP-ProBook-650-G1 kernel: [    0.000000] ACPI: Early table checksum verification disabled
Apr 11 09:26:26 HP-ProBook-650-G1 kernel: [    0.000000] ACPI: RSDP 0x00000000000F2FE0 000024 (v02 HPQOEM)
Apr 11 09:26:26 HP-ProBook-650-G1 kernel: [    0.000000] ACPI: XSDT 0x00000000BBFFE120 0000A4 (v01 HPQOEM SLIC-MPC 00000001      01000013)
Apr 11 09:26:26 HP-ProBook-650-G1 kernel: [    0.000000] ACPI: FACP 0x00000000BBFFC000 00010C (v05 HPQOEM 1993     00000001 HP   00000001)
Apr 11 09:26:26 HP-ProBook-650-G1 kernel: [    0.000000] ACPI: DSDT 0x00000000BBFD2000 024C7A (v02 HPQOEM 1993     00000001 INTL 20110112)
Apr 11 09:26:26 HP-ProBook-650-G1 kernel: [    0.000000] ACPI: FACS 0x00000000BBE31000 000040
Apr 11 09:26:26 HP-ProBook-650-G1 kernel: [    0.000000] ACPI: FACS 0x00000000BBE31000 000040
Apr 11 09:26:26 HP-ProBook-650-G1 kernel: [    0.000000] ACPI: HPET 0x00000000BBFFB000 000038 (v01 HPQOEM 1993     00000001 HP   00000001)
Apr 11 09:26:26 HP-ProBook-650-G1 kernel: [    0.000000] ACPI: APIC 0x00000000BBFFA000 0000BC (v01 HPQOEM 1993     00000001 HP   00000001)
Apr 11 09:26:26 HP-ProBook-650-G1 kernel: [    0.000000] ACPI: MCFG 0x00000000BBFF9000 00003C (v01 HPQOEM 1993     00000001 HP   00000001)
Apr 11 09:26:26 HP-ProBook-650-G1 kernel: [    0.000000] ACPI: ASF! 0x00000000BBFF8000 0000A5 (v32 HPQOEM 1993     00000001 HP   00000001)
Apr 11 09:26:26 HP-ProBook-650-G1 kernel: [    0.000000] ACPI: TCPA 0x00000000BBFF7000 000032 (v02 HPQOEM 1993     00000000 HP   00000001)
Apr 11 09:26:26 HP-ProBook-650-G1 kernel: [    0.000000] ACPI: SSDT 0x00000000BBFCF000 000466 (v01 HPQOEM SataAhci 00001000 INTL 20110112)
Apr 11 09:26:26 HP-ProBook-650-G1 kernel: [    0.000000] ACPI: SSDT 0x00000000BBFCE000 00048A (v01 HPQOEM PtidDevc 00001000 INTL 20110112)
Apr 11 09:26:26 HP-ProBook-650-G1 kernel: [    0.000000] ACPI: SLIC 0x00000000BBFCD000 000176 (v01 HPQOEM SLIC-MPC 00000001 HP   00000001)
Apr 11 09:26:26 HP-ProBook-650-G1 kernel: [    0.000000] ACPI: MSDM 0x00000000BBFCC000 000055 (v03 HPQOEM SLIC-MPC 00000000 HP   00000001)
Apr 11 09:26:26 HP-ProBook-650-G1 kernel: [    0.000000] ACPI: FPDT 0x00000000BBFCB000 000044 (v01 HPQOEM 1993     00000001 HP   00000001)
Apr 11 09:26:26 HP-ProBook-650-G1 kernel: [    0.000000] ACPI: BGRT 0x00000000BBFCA000 000038 (v00 HPQOEM 1993     00000001 HP   00000001)
Apr 11 09:26:26 HP-ProBook-650-G1 kernel: [    0.000000] ACPI: SSDT 0x00000000BBFC6000 000544 (v01 PmRef  Cpu0Ist  00003000 INTL 20110112)
Apr 11 09:26:26 HP-ProBook-650-G1 kernel: [    0.000000] ACPI: SSDT 0x00000000BBFC5000 000AF3 (v01 PmRef  CpuPm    00003000 INTL 20110112)
Apr 11 09:26:26 HP-ProBook-650-G1 kernel: [    0.000000] ACPI: SSDT 0x00000000BBFC4000 0001D5 (v01 PmRef  LakeTiny 00003000 INTL 20110112)
Apr 11 09:26:26 HP-ProBook-650-G1 kernel: [    0.000000] ACPI: SSDT 0x00000000BBFC3000 000706 (v01 SaSsdt SaSsdt   00003000 INTL 20110112)
Apr 11 09:26:26 HP-ProBook-650-G1 kernel: [    0.000000] ACPI: Local APIC address 0xfee00000
Apr 11 09:26:26 HP-ProBook-650-G1 kernel: [    0.000000] No NUMA configuration found
Apr 11 09:26:26 HP-ProBook-650-G1 kernel: [    0.000000] Faking a node at [mem 0x0000000000000000-0x000000023fdfffff]
Apr 11 09:26:26 HP-ProBook-650-G1 kernel: [    0.000000] NODE_DATA(0) allocated [mem 0x23fdd5000-0x23fdfffff]
Apr 11 09:26:26 HP-ProBook-650-G1 kernel: [    0.000000] tsc: Fast TSC calibration using PIT
Apr 11 09:26:26 HP-ProBook-650-G1 kernel: [    0.000000] Zone ranges:
Apr 11 09:26:26 HP-ProBook-650-G1 kernel: [    0.000000]   DMA      [mem 0x0000000000001000-0x0000000000ffffff]
Apr 11 09:26:26 HP-ProBook-650-G1 kernel: [    0.000000]   DMA32    [mem 0x0000000001000000-0x00000000ffffffff]
Apr 11 09:26:26 HP-ProBook-650-G1 kernel: [    0.000000]   Normal   [mem 0x0000000100000000-0x000000023fdfffff]
Apr 11 09:26:26 HP-ProBook-650-G1 kernel: [    0.000000]   Device   empty
Apr 11 09:26:26 HP-ProBook-650-G1 kernel: [    0.000000] Movable zone start for each node
Apr 11 09:26:26 HP-ProBook-650-G1 kernel: [    0.000000] Early memory node ranges
Apr 11 09:26:26 HP-ProBook-650-G1 kernel: [    0.000000]   node   0: [mem 0x0000000000001000-0x000000000009cfff]
Apr 11 09:26:26 HP-ProBook-650-G1 kernel: [    0.000000]   node   0: [mem 0x0000000000100000-0x00000000bab7efff]
Apr 11 09:26:26 HP-ProBook-650-G1 kernel: [    0.000000]   node   0: [mem 0x00000000bbfff000-0x00000000bbffffff]
Apr 11 09:26:26 HP-ProBook-650-G1 kernel: [    0.000000]   node   0: [mem 0x0000000100000000-0x000000023fdfffff]
Apr 11 09:26:26 HP-ProBook-650-G1 kernel: [    0.000000] Reserved but unavailable: 100 pages
Apr 11 09:26:26 HP-ProBook-650-G1 kernel: [    0.000000] Initmem setup node 0 [mem 0x0000000000001000-0x000000023fdfffff]
Apr 11 09:26:26 HP-ProBook-650-G1 kernel: [    0.000000] On node 0 totalpages: 2074908
Apr 11 09:26:26 HP-ProBook-650-G1 kernel: [    0.000000]   DMA zone: 64 pages used for memmap
Apr 11 09:26:26 HP-ProBook-650-G1 kernel: [    0.000000]   DMA zone: 21 pages reserved
Apr 11 09:26:26 HP-ProBook-650-G1 kernel: [    0.000000]   DMA zone: 3996 pages, LIFO batch:0
Apr 11 09:26:26 HP-ProBook-650-G1 kernel: [    0.000000]   DMA32 zone: 11886 pages used for memmap
Apr 11 09:26:26 HP-ProBook-650-G1 kernel: [    0.000000]   DMA32 zone: 760704 pages, LIFO batch:31
Apr 11 09:26:26 HP-ProBook-650-G1 kernel: [    0.000000]   Normal zone: 20472 pages used for memmap
Apr 11 09:26:26 HP-ProBook-650-G1 kernel: [    0.000000]   Normal zone: 1310208 pages, LIFO batch:31
Apr 11 09:26:26 HP-ProBook-650-G1 kernel: [    0.000000] Reserving Intel graphics memory at 0x00000000bd200000-0x00000000bf1fffff
Apr 11 09:26:26 HP-ProBook-650-G1 kernel: [    0.000000] ACPI: PM-Timer IO Port: 0x1808
Apr 11 09:26:26 HP-ProBook-650-G1 kernel: [    0.000000] ACPI: Local APIC address 0xfee00000
Apr 11 09:26:26 HP-ProBook-650-G1 kernel: [    0.000000] ACPI: LAPIC_NMI (acpi_id[0x00] high edge lint[0x1])
Apr 11 09:26:26 HP-ProBook-650-G1 kernel: [    0.000000] ACPI: LAPIC_NMI (acpi_id[0x01] high edge lint[0x1])
Apr 11 09:26:26 HP-ProBook-650-G1 kernel: [    0.000000] ACPI: LAPIC_NMI (acpi_id[0x02] high edge lint[0x1])
Apr 11 09:26:26 HP-ProBook-650-G1 kernel: [    0.000000] ACPI: LAPIC_NMI (acpi_id[0x03] high edge lint[0x1])
Apr 11 09:26:26 HP-ProBook-650-G1 kernel: [    0.000000] ACPI: LAPIC_NMI (acpi_id[0x04] high edge lint[0x1])
Apr 11 09:26:26 HP-ProBook-650-G1 kernel: [    0.000000] ACPI: LAPIC_NMI (acpi_id[0x05] high edge lint[0x1])
Apr 11 09:26:26 HP-ProBook-650-G1 kernel: [    0.000000] ACPI: LAPIC_NMI (acpi_id[0x06] high edge lint[0x1])
Apr 11 09:26:26 HP-ProBook-650-G1 kernel: [    0.000000] ACPI: LAPIC_NMI (acpi_id[0x07] high edge lint[0x1])
Apr 11 09:26:26 HP-ProBook-650-G1 kernel: [    0.000000] IOAPIC[0]: apic_id 0, version 32, address 0xfec00000, GSI 0-23
Apr 11 09:26:26 HP-ProBook-650-G1 kernel: [    0.000000] ACPI: INT_SRC_OVR (bus 0 bus_irq 0 global_irq 2 dfl dfl)
Apr 11 09:26:26 HP-ProBook-650-G1 kernel: [    0.000000] ACPI: INT_SRC_OVR (bus 0 bus_irq 9 global_irq 9 high level)
Apr 11 09:26:26 HP-ProBook-650-G1 kernel: [    0.000000] ACPI: IRQ0 used by override.
Apr 11 09:26:26 HP-ProBook-650-G1 kernel: [    0.000000] ACPI: IRQ9 used by override.
Apr 11 09:26:26 HP-ProBook-650-G1 kernel: [    0.000000] Using ACPI (MADT) for SMP configuration information
Apr 11 09:26:26 HP-ProBook-650-G1 kernel: [    0.000000] ACPI: HPET id: 0x8086a201 base: 0xfed00000
Apr 11 09:26:26 HP-ProBook-650-G1 kernel: [    0.000000] TSC deadline timer available
Apr 11 09:26:26 HP-ProBook-650-G1 kernel: [    0.000000] smpboot: Allowing 8 CPUs, 4 hotplug CPUs
Apr 11 09:26:26 HP-ProBook-650-G1 kernel: [    0.000000] PM: Registered nosave memory: [mem 0x00000000-0x00000fff]
Apr 11 09:26:26 HP-ProBook-650-G1 kernel: [    0.000000] PM: Registered nosave memory: [mem 0x0009d000-0x0009dfff]
Apr 11 09:26:26 HP-ProBook-650-G1 kernel: [    0.000000] PM: Registered nosave memory: [mem 0x0009e000-0x0009ffff]
Apr 11 09:26:26 HP-ProBook-650-G1 kernel: [    0.000000] PM: Registered nosave memory: [mem 0x000a0000-0x000dffff]
Apr 11 09:26:26 HP-ProBook-650-G1 kernel: [    0.000000] PM: Registered nosave memory: [mem 0x000e0000-0x000fffff]
Apr 11 09:26:26 HP-ProBook-650-G1 kernel: [    0.000000] PM: Registered nosave memory: [mem 0xbab7f000-0xbbe7efff]
Apr 11 09:26:26 HP-ProBook-650-G1 kernel: [    0.000000] PM: Registered nosave memory: [mem 0xbbe7f000-0xbbf7efff]
Apr 11 09:26:26 HP-ProBook-650-G1 kernel: [    0.000000] PM: Registered nosave memory: [mem 0xbbf7f000-0xbbffefff]
Apr 11 09:26:26 HP-ProBook-650-G1 kernel: [    0.000000] PM: Registered nosave memory: [mem 0xbc000000-0xbf1fffff]
Apr 11 09:26:26 HP-ProBook-650-G1 kernel: [    0.000000] PM: Registered nosave memory: [mem 0xbf200000-0xdfffffff]
Apr 11 09:26:26 HP-ProBook-650-G1 kernel: [    0.000000] PM: Registered nosave memory: [mem 0xe0000000-0xefffffff]
Apr 11 09:26:26 HP-ProBook-650-G1 kernel: [    0.000000] PM: Registered nosave memory: [mem 0xf0000000-0xfebfffff]
Apr 11 09:26:26 HP-ProBook-650-G1 kernel: [    0.000000] PM: Registered nosave memory: [mem 0xfec00000-0xfec00fff]
Apr 11 09:26:26 HP-ProBook-650-G1 kernel: [    0.000000] PM: Registered nosave memory: [mem 0xfec01000-0xfed0ffff]
Apr 11 09:26:26 HP-ProBook-650-G1 kernel: [    0.000000] PM: Registered nosave memory: [mem 0xfed10000-0xfed13fff]
Apr 11 09:26:26 HP-ProBook-650-G1 kernel: [    0.000000] PM: Registered nosave memory: [mem 0xfed14000-0xfed17fff]
Apr 11 09:26:26 HP-ProBook-650-G1 kernel: [    0.000000] PM: Registered nosave memory: [mem 0xfed18000-0xfed19fff]
Apr 11 09:26:26 HP-ProBook-650-G1 kernel: [    0.000000] PM: Registered nosave memory: [mem 0xfed1a000-0xfed1bfff]
Apr 11 09:26:26 HP-ProBook-650-G1 kernel: [    0.000000] PM: Registered nosave memory: [mem 0xfed1c000-0xfed1ffff]
Apr 11 09:26:26 HP-ProBook-650-G1 kernel: [    0.000000] PM: Registered nosave memory: [mem 0xfed20000-0xfedfffff]
Apr 11 09:26:26 HP-ProBook-650-G1 kernel: [    0.000000] PM: Registered nosave memory: [mem 0xfee00000-0xfee00fff]
Apr 11 09:26:26 HP-ProBook-650-G1 kernel: [    0.000000] PM: Registered nosave memory: [mem 0xfee01000-0xff7fffff]
Apr 11 09:26:26 HP-ProBook-650-G1 kernel: [    0.000000] PM: Registered nosave memory: [mem 0xff800000-0xffffffff]
Apr 11 09:26:26 HP-ProBook-650-G1 kernel: [    0.000000] e820: [mem 0xbf200000-0xdfffffff] available for PCI devices
Apr 11 09:26:26 HP-ProBook-650-G1 kernel: [    0.000000] Booting paravirtualized kernel on bare hardware
Apr 11 09:26:26 HP-ProBook-650-G1 kernel: [    0.000000] clocksource: refined-jiffies: mask: 0xffffffff max_cycles: 0xffffffff, max_idle_ns: 7645519600211568 ns
Apr 11 09:26:26 HP-ProBook-650-G1 kernel: [    0.000000] random: get_random_bytes called from start_kernel+0x99/0x500 with crng_init=0
Apr 11 09:26:26 HP-ProBook-650-G1 kernel: [    0.000000] setup_percpu: NR_CPUS:8192 nr_cpumask_bits:8 nr_cpu_ids:8 nr_node_ids:1
Apr 11 09:26:26 HP-ProBook-650-G1 kernel: [    0.000000] percpu: Embedded 45 pages/cpu s147456 r8192 d28672 u262144
Apr 11 09:26:26 HP-ProBook-650-G1 kernel: [    0.000000] pcpu-alloc: s147456 r8192 d28672 u262144 alloc=1*2097152
Apr 11 09:26:26 HP-ProBook-650-G1 kernel: [    0.000000] pcpu-alloc: [0] 0 1 2 3 4 5 6 7 
Apr 11 09:26:26 HP-ProBook-650-G1 kernel: [    0.000000] Built 1 zonelists, mobility grouping on.  Total pages: 2042465
Apr 11 09:26:26 HP-ProBook-650-G1 kernel: [    0.000000] Policy zone: Normal
Apr 11 09:26:26 HP-ProBook-650-G1 kernel: [    0.000000] Kernel command line: BOOT_IMAGE=/boot/vmlinuz-4.15.0-136-generic root=UUID=599643e2-003e-4d8f-b802-3d1db0eaa45d ro quiet splash
Apr 11 09:26:26 HP-ProBook-650-G1 kernel: [    0.000000] Calgary: detecting Calgary via BIOS EBDA area
Apr 11 09:26:26 HP-ProBook-650-G1 kernel: [    0.000000] Calgary: Unable to locate Rio Grande table in EBDA - bailing!
Apr 11 09:26:26 HP-ProBook-650-G1 kernel: [    0.000000] Memory: 8016280K/8299632K available (12300K kernel code, 2482K rwdata, 4276K rodata, 2440K init, 2724K bss, 283352K reserved, 0K cma-reserved)
Apr 11 09:26:26 HP-ProBook-650-G1 kernel: [    0.000000] SLUB: HWalign=64, Order=0-3, MinObjects=0, CPUs=8, Nodes=1
Apr 11 09:26:26 HP-ProBook-650-G1 kernel: [    0.000000] Kernel/User page tables isolation: enabled
Apr 11 09:26:26 HP-ProBook-650-G1 kernel: [    0.000000] ftrace: allocating 39427 entries in 155 pages
Apr 11 09:26:26 HP-ProBook-650-G1 kernel: [    0.000000] Hierarchical RCU implementation.
Apr 11 09:26:26 HP-ProBook-650-G1 kernel: [    0.000000] 	RCU restricting CPUs from NR_CPUS=8192 to nr_cpu_ids=8.
Apr 11 09:26:26 HP-ProBook-650-G1 kernel: [    0.000000] 	Tasks RCU enabled.
Apr 11 09:26:26 HP-ProBook-650-G1 kernel: [    0.000000] RCU: Adjusting geometry for rcu_fanout_leaf=16, nr_cpu_ids=8
Apr 11 09:26:26 HP-ProBook-650-G1 kernel: [    0.000000] NR_IRQS: 524544, nr_irqs: 488, preallocated irqs: 16
Apr 11 09:26:26 HP-ProBook-650-G1 kernel: [    0.000000] Console: colour dummy device 80x25
Apr 11 09:26:26 HP-ProBook-650-G1 kernel: [    0.000000] console [tty0] enabled
Apr 11 09:26:26 HP-ProBook-650-G1 kernel: [    0.000000] ACPI: Core revision 20170831
Apr 11 09:26:26 HP-ProBook-650-G1 kernel: [    0.000000] ACPI: 7 ACPI AML tables successfully acquired and loaded
Apr 11 09:26:26 HP-ProBook-650-G1 kernel: [    0.000000] clocksource: hpet: mask: 0xffffffff max_cycles: 0xffffffff, max_idle_ns: 133484882848 ns
Apr 11 09:26:26 HP-ProBook-650-G1 kernel: [    0.000000] hpet clockevent registered
Apr 11 09:26:26 HP-ProBook-650-G1 kernel: [    0.000000] APIC: Switch to symmetric I/O mode setup
Apr 11 09:26:26 HP-ProBook-650-G1 kernel: [    0.000000] ..TIMER: vector=0x30 apic1=0 pin1=2 apic2=-1 pin2=-1
Apr 11 09:26:26 HP-ProBook-650-G1 kernel: [    0.020000] tsc: Fast TSC calibration using PIT
Apr 11 09:26:26 HP-ProBook-650-G1 kernel: [    0.024000] tsc: Detected 2594.004 MHz processor
Apr 11 09:26:26 HP-ProBook-650-G1 kernel: [    0.024000] Calibrating delay loop (skipped), value calculated using timer frequency.. 5188.00 BogoMIPS (lpj=10376016)
Apr 11 09:26:26 HP-ProBook-650-G1 kernel: [    0.024000] pid_max: default: 32768 minimum: 301
Apr 11 09:26:26 HP-ProBook-650-G1 kernel: [    0.024000] Security Framework initialized
Apr 11 09:26:26 HP-ProBook-650-G1 kernel: [    0.024000] Yama: becoming mindful.
Apr 11 09:26:26 HP-ProBook-650-G1 kernel: [    0.024000] AppArmor: AppArmor initialized
Apr 11 09:26:26 HP-ProBook-650-G1 kernel: [    0.024000] Dentry cache hash table entries: 1048576 (order: 11, 8388608 bytes)
Apr 11 09:26:26 HP-ProBook-650-G1 kernel: [    0.024000] Inode-cache hash table entries: 524288 (order: 10, 4194304 bytes)
Apr 11 09:26:26 HP-ProBook-650-G1 kernel: [    0.024000] Mount-cache hash table entries: 16384 (order: 5, 131072 bytes)
Apr 11 09:26:26 HP-ProBook-650-G1 kernel: [    0.024000] Mountpoint-cache hash table entries: 16384 (order: 5, 131072 bytes)
Apr 11 09:26:26 HP-ProBook-650-G1 kernel: [    0.024000] ENERGY_PERF_BIAS: Set to 'normal', was 'performance'
Apr 11 09:26:26 HP-ProBook-650-G1 kernel: [    0.024000] ENERGY_PERF_BIAS: View and update with x86_energy_perf_policy(8)
Apr 11 09:26:26 HP-ProBook-650-G1 kernel: [    0.024000] CPU0: Thermal monitoring enabled (TM1)
Apr 11 09:26:26 HP-ProBook-650-G1 kernel: [    0.024000] process: using mwait in idle threads
Apr 11 09:26:26 HP-ProBook-650-G1 kernel: [    0.024000] Last level iTLB entries: 4KB 1024, 2MB 1024, 4MB 1024
Apr 11 09:26:26 HP-ProBook-650-G1 kernel: [    0.024000] Last level dTLB entries: 4KB 1024, 2MB 1024, 4MB 1024, 1GB 4
Apr 11 09:26:26 HP-ProBook-650-G1 kernel: [    0.024000] Spectre V1 : Mitigation: usercopy/swapgs barriers and __user pointer sanitization
Apr 11 09:26:26 HP-ProBook-650-G1 kernel: [    0.024000] Spectre V2 : Mitigation: Full generic retpoline
Apr 11 09:26:26 HP-ProBook-650-G1 kernel: [    0.024000] Spectre V2 : Spectre v2 / SpectreRSB mitigation: Filling RSB on context switch
Apr 11 09:26:26 HP-ProBook-650-G1 kernel: [    0.024000] Spectre V2 : Enabling Restricted Speculation for firmware calls
Apr 11 09:26:26 HP-ProBook-650-G1 kernel: [    0.024000] Spectre V2 : mitigation: Enabling conditional Indirect Branch Prediction Barrier
Apr 11 09:26:26 HP-ProBook-650-G1 kernel: [    0.024000] Spectre V2 : User space: Mitigation: STIBP via seccomp and prctl
Apr 11 09:26:26 HP-ProBook-650-G1 kernel: [    0.024000] Speculative Store Bypass: Mitigation: Speculative Store Bypass disabled via prctl and seccomp
Apr 11 09:26:26 HP-ProBook-650-G1 kernel: [    0.024000] SRBDS: Mitigation: Microcode
Apr 11 09:26:26 HP-ProBook-650-G1 kernel: [    0.024000] MDS: Mitigation: Clear CPU buffers
Apr 11 09:26:26 HP-ProBook-650-G1 kernel: [    0.033361] Freeing SMP alternatives memory: 36K
Apr 11 09:26:26 HP-ProBook-650-G1 kernel: [    0.035639] smpboot: CPU0: Intel(R) Core(TM) i5-4210M CPU @ 2.60GHz (family: 0x6, model: 0x3c, stepping: 0x3)
Apr 11 09:26:26 HP-ProBook-650-G1 kernel: [    0.035702] Performance Events: PEBS fmt2+, Haswell events, 16-deep LBR, full-width counters, Intel PMU driver.
Apr 11 09:26:26 HP-ProBook-650-G1 kernel: [    0.035742] ... version:                3
Apr 11 09:26:26 HP-ProBook-650-G1 kernel: [    0.035742] ... bit width:              48
Apr 11 09:26:26 HP-ProBook-650-G1 kernel: [    0.035743] ... generic registers:      4
Apr 11 09:26:26 HP-ProBook-650-G1 kernel: [    0.035744] ... value mask:             0000ffffffffffff
Apr 11 09:26:26 HP-ProBook-650-G1 kernel: [    0.035744] ... max period:             00007fffffffffff
Apr 11 09:26:26 HP-ProBook-650-G1 kernel: [    0.035744] ... fixed-purpose events:   3
Apr 11 09:26:26 HP-ProBook-650-G1 kernel: [    0.035745] ... event mask:             000000070000000f
Apr 11 09:26:26 HP-ProBook-650-G1 kernel: [    0.035778] Hierarchical SRCU implementation.
Apr 11 09:26:26 HP-ProBook-650-G1 kernel: [    0.036000] NMI watchdog: Enabled. Permanently consumes one hw-PMU counter.
Apr 11 09:26:26 HP-ProBook-650-G1 kernel: [    0.036000] smp: Bringing up secondary CPUs ...
Apr 11 09:26:26 HP-ProBook-650-G1 kernel: [    0.036000] x86: Booting SMP configuration:
Apr 11 09:26:26 HP-ProBook-650-G1 kernel: [    0.036000] .... node  #0, CPUs:      #1
Apr 11 09:26:26 HP-ProBook-650-G1 kernel: [    0.036000] MDS CPU bug present and SMT on, data leak possible. See https://www.kernel.org/doc/html/latest/admin-guide/hw-vuln/mds.html for more details.
Apr 11 09:26:26 HP-ProBook-650-G1 kernel: [    0.036000]  #2 #3
Apr 11 09:26:26 HP-ProBook-650-G1 kernel: [    0.037022] smp: Brought up 1 node, 4 CPUs
Apr 11 09:26:26 HP-ProBook-650-G1 kernel: [    0.037022] smpboot: Max logical packages: 2
Apr 11 09:26:26 HP-ProBook-650-G1 kernel: [    0.037022] smpboot: Total of 4 processors activated (20752.03 BogoMIPS)
Apr 11 09:26:26 HP-ProBook-650-G1 kernel: [    0.040269] devtmpfs: initialized
Apr 11 09:26:26 HP-ProBook-650-G1 kernel: [    0.040269] x86/mm: Memory block size: 128MB
Apr 11 09:26:26 HP-ProBook-650-G1 kernel: [    0.040587] evm: security.selinux
Apr 11 09:26:26 HP-ProBook-650-G1 kernel: [    0.040587] evm: security.SMACK64
Apr 11 09:26:26 HP-ProBook-650-G1 kernel: [    0.040587] evm: security.SMACK64EXEC
Apr 11 09:26:26 HP-ProBook-650-G1 kernel: [    0.040588] evm: security.SMACK64TRANSMUTE
Apr 11 09:26:26 HP-ProBook-650-G1 kernel: [    0.040588] evm: security.SMACK64MMAP
Apr 11 09:26:26 HP-ProBook-650-G1 kernel: [    0.040589] evm: security.apparmor
Apr 11 09:26:26 HP-ProBook-650-G1 kernel: [    0.040589] evm: security.ima
Apr 11 09:26:26 HP-ProBook-650-G1 kernel: [    0.040590] evm: security.capability
Apr 11 09:26:26 HP-ProBook-650-G1 kernel: [    0.040603] PM: Registering ACPI NVS region [mem 0xbbe7f000-0xbbf7efff] (1048576 bytes)
Apr 11 09:26:26 HP-ProBook-650-G1 kernel: [    0.040603] clocksource: jiffies: mask: 0xffffffff max_cycles: 0xffffffff, max_idle_ns: 7645041785100000 ns
Apr 11 09:26:26 HP-ProBook-650-G1 kernel: [    0.040603] futex hash table entries: 2048 (order: 5, 131072 bytes)
Apr 11 09:26:26 HP-ProBook-650-G1 kernel: [    0.040603] pinctrl core: initialized pinctrl subsystem
Apr 11 09:26:26 HP-ProBook-650-G1 kernel: [    0.040603] RTC time: 21:26:17, date: 04/10/21
Apr 11 09:26:26 HP-ProBook-650-G1 kernel: [    0.040603] NET: Registered protocol family 16
Apr 11 09:26:26 HP-ProBook-650-G1 kernel: [    0.040603] audit: initializing netlink subsys (disabled)
Apr 11 09:26:26 HP-ProBook-650-G1 kernel: [    0.040603] audit: type=2000 audit(1618089977.040:1): state=initialized audit_enabled=0 res=1
Apr 11 09:26:26 HP-ProBook-650-G1 kernel: [    0.040603] cpuidle: using governor ladder
Apr 11 09:26:26 HP-ProBook-650-G1 kernel: [    0.040603] cpuidle: using governor menu
Apr 11 09:26:26 HP-ProBook-650-G1 kernel: [    0.040603] ACPI FADT declares the system doesn't support PCIe ASPM, so disable it
Apr 11 09:26:26 HP-ProBook-650-G1 kernel: [    0.040603] ACPI: bus type PCI registered
Apr 11 09:26:26 HP-ProBook-650-G1 kernel: [    0.040603] acpiphp: ACPI Hot Plug PCI Controller Driver version: 0.5
Apr 11 09:26:26 HP-ProBook-650-G1 kernel: [    0.040603] PCI: MMCONFIG for domain 0000 [bus 00-ff] at [mem 0xe0000000-0xefffffff] (base 0xe0000000)
Apr 11 09:26:26 HP-ProBook-650-G1 kernel: [    0.040603] PCI: MMCONFIG at [mem 0xe0000000-0xefffffff] reserved in E820
Apr 11 09:26:26 HP-ProBook-650-G1 kernel: [    0.040603] PCI: Using configuration type 1 for base access
Apr 11 09:26:26 HP-ProBook-650-G1 kernel: [    0.040603] core: PMU erratum BJ122, BV98, HSD29 worked around, HT is on
Apr 11 09:26:26 HP-ProBook-650-G1 kernel: [    0.040603] mtrr: your CPUs had inconsistent variable MTRR settings
Apr 11 09:26:26 HP-ProBook-650-G1 kernel: [    0.040603] mtrr: probably your BIOS does not setup all CPUs.
Apr 11 09:26:26 HP-ProBook-650-G1 kernel: [    0.040603] mtrr: corrected configuration.
Apr 11 09:26:26 HP-ProBook-650-G1 kernel: [    0.041012] HugeTLB registered 1.00 GiB page size, pre-allocated 0 pages
Apr 11 09:26:26 HP-ProBook-650-G1 kernel: [    0.041012] HugeTLB registered 2.00 MiB page size, pre-allocated 0 pages
Apr 11 09:26:26 HP-ProBook-650-G1 kernel: [    0.041012] ACPI: Added _OSI(Module Device)
Apr 11 09:26:26 HP-ProBook-650-G1 kernel: [    0.041012] ACPI: Added _OSI(Processor Device)
Apr 11 09:26:26 HP-ProBook-650-G1 kernel: [    0.041012] ACPI: Added _OSI(3.0 _SCP Extensions)
Apr 11 09:26:26 HP-ProBook-650-G1 kernel: [    0.041012] ACPI: Added _OSI(Processor Aggregator Device)
Apr 11 09:26:26 HP-ProBook-650-G1 kernel: [    0.041012] ACPI: Added _OSI(Linux-Dell-Video)
Apr 11 09:26:26 HP-ProBook-650-G1 kernel: [    0.041012] ACPI: Added _OSI(Linux-Lenovo-NV-HDMI-Audio)
Apr 11 09:26:26 HP-ProBook-650-G1 kernel: [    0.041012] ACPI: Added _OSI(Linux-HPI-Hybrid-Graphics)
Apr 11 09:26:26 HP-ProBook-650-G1 kernel: [    0.052932] ACPI: [Firmware Bug]: BIOS _OSI(Linux) query ignored
Apr 11 09:26:26 HP-ProBook-650-G1 kernel: [    0.058350] ACPI: Dynamic OEM Table Load:
Apr 11 09:26:26 HP-ProBook-650-G1 kernel: [    0.058356] ACPI: SSDT 0xFFFF9732F5E6D000 0003F3 (v01 PmRef  Cpu0Cst  00003001 INTL 20110112)
Apr 11 09:26:26 HP-ProBook-650-G1 kernel: [    0.058865] ACPI: Dynamic OEM Table Load:
Apr 11 09:26:26 HP-ProBook-650-G1 kernel: [    0.058870] ACPI: SSDT 0xFFFF9732F5D9B800 0005DB (v01 PmRef  ApIst    00003000 INTL 20110112)
Apr 11 09:26:26 HP-ProBook-650-G1 kernel: [    0.059416] ACPI: Dynamic OEM Table Load:
Apr 11 09:26:26 HP-ProBook-650-G1 kernel: [    0.059419] ACPI: SSDT 0xFFFF9732F5DD2800 000119 (v01 PmRef  ApCst    00003000 INTL 20110112)
Apr 11 09:26:26 HP-ProBook-650-G1 kernel: [    0.060542] ACPI: EC: EC started
Apr 11 09:26:26 HP-ProBook-650-G1 kernel: [    0.060543] ACPI: EC: interrupt blocked
Apr 11 09:26:26 HP-ProBook-650-G1 kernel: [    1.616981] ACPI: \_SB_.PCI0.LPCB.EC0_: Used as first EC
Apr 11 09:26:26 HP-ProBook-650-G1 kernel: [    1.616983] ACPI: \_SB_.PCI0.LPCB.EC0_: GPE=0x16, EC_CMD/EC_SC=0x66, EC_DATA=0x62
Apr 11 09:26:26 HP-ProBook-650-G1 kernel: [    1.616984] ACPI: \_SB_.PCI0.LPCB.EC0_: Used as boot DSDT EC to handle transactions
Apr 11 09:26:26 HP-ProBook-650-G1 kernel: [    1.616985] ACPI: Interpreter enabled
Apr 11 09:26:26 HP-ProBook-650-G1 kernel: [    1.617011] ACPI: (supports S0 S3 S4 S5)
Apr 11 09:26:26 HP-ProBook-650-G1 kernel: [    1.617012] ACPI: Using IOAPIC for interrupt routing
Apr 11 09:26:26 HP-ProBook-650-G1 kernel: [    1.617036] PCI: Using host bridge windows from ACPI; if necessary, use "pci=nocrs" and report a bug
Apr 11 09:26:26 HP-ProBook-650-G1 kernel: [    1.617368] ACPI: Enabled 7 GPEs in block 00 to 3F
Apr 11 09:26:26 HP-ProBook-650-G1 kernel: [    1.619331] ACPI: Power Resource [APPR] (off)
Apr 11 09:26:26 HP-ProBook-650-G1 kernel: [    1.622632] ACPI: Power Resource [COMP] (on)
Apr 11 09:26:26 HP-ProBook-650-G1 kernel: [    1.623374] ACPI: Power Resource [LPP] (on)
Apr 11 09:26:26 HP-ProBook-650-G1 kernel: [    1.627585] ACPI: PCI Root Bridge [PCI0] (domain 0000 [bus 00-fe])
Apr 11 09:26:26 HP-ProBook-650-G1 kernel: [    1.627589] acpi PNP0A08:00: _OSC: OS supports [ExtendedConfig ASPM ClockPM Segments MSI]
Apr 11 09:26:26 HP-ProBook-650-G1 kernel: [    1.629906] acpi PNP0A08:00: _OSC: OS now controls [PCIeHotplug PME AER PCIeCapability]
Apr 11 09:26:26 HP-ProBook-650-G1 kernel: [    1.629907] acpi PNP0A08:00: FADT indicates ASPM is unsupported, using BIOS configuration
Apr 11 09:26:26 HP-ProBook-650-G1 kernel: [    1.630566] PCI host bridge to bus 0000:00
Apr 11 09:26:26 HP-ProBook-650-G1 kernel: [    1.630568] pci_bus 0000:00: root bus resource [io  0x0000-0x0cf7 window]
Apr 11 09:26:26 HP-ProBook-650-G1 kernel: [    1.630569] pci_bus 0000:00: root bus resource [io  0x0d00-0xffff window]
Apr 11 09:26:26 HP-ProBook-650-G1 kernel: [    1.630570] pci_bus 0000:00: root bus resource [mem 0x000a0000-0x000bffff window]
Apr 11 09:26:26 HP-ProBook-650-G1 kernel: [    1.630571] pci_bus 0000:00: root bus resource [mem 0xbf200000-0xdfffffff window]
Apr 11 09:26:26 HP-ProBook-650-G1 kernel: [    1.630572] pci_bus 0000:00: root bus resource [mem 0xf0000000-0xfed3ffff window]
Apr 11 09:26:26 HP-ProBook-650-G1 kernel: [    1.630573] pci_bus 0000:00: root bus resource [mem 0xfed45000-0xfedfffff window]
Apr 11 09:26:26 HP-ProBook-650-G1 kernel: [    1.630574] pci_bus 0000:00: root bus resource [mem 0xfee01000-0xffffffff window]
Apr 11 09:26:26 HP-ProBook-650-G1 kernel: [    1.630575] pci_bus 0000:00: root bus resource [bus 00-fe]
Apr 11 09:26:26 HP-ProBook-650-G1 kernel: [    1.630582] pci 0000:00:00.0: [8086:0c04] type 00 class 0x060000
Apr 11 09:26:26 HP-ProBook-650-G1 kernel: [    1.630710] pci 0000:00:02.0: [8086:0416] type 00 class 0x030000
Apr 11 09:26:26 HP-ProBook-650-G1 kernel: [    1.630720] pci 0000:00:02.0: reg 0x10: [mem 0xd0000000-0xd03fffff 64bit]
Apr 11 09:26:26 HP-ProBook-650-G1 kernel: [    1.630725] pci 0000:00:02.0: reg 0x18: [mem 0xc0000000-0xcfffffff 64bit pref]
Apr 11 09:26:26 HP-ProBook-650-G1 kernel: [    1.630729] pci 0000:00:02.0: reg 0x20: [io  0x3000-0x303f]
Apr 11 09:26:26 HP-ProBook-650-G1 kernel: [    1.630865] pci 0000:00:03.0: [8086:0c0c] type 00 class 0x040300
Apr 11 09:26:26 HP-ProBook-650-G1 kernel: [    1.630873] pci 0000:00:03.0: reg 0x10: [mem 0xd0730000-0xd0733fff 64bit]
Apr 11 09:26:26 HP-ProBook-650-G1 kernel: [    1.631016] pci 0000:00:14.0: [8086:8c31] type 00 class 0x0c0330
Apr 11 09:26:26 HP-ProBook-650-G1 kernel: [    1.631034] pci 0000:00:14.0: reg 0x10: [mem 0xd0720000-0xd072ffff 64bit]
Apr 11 09:26:26 HP-ProBook-650-G1 kernel: [    1.631087] pci 0000:00:14.0: PME# supported from D3hot D3cold
Apr 11 09:26:26 HP-ProBook-650-G1 kernel: [    1.631193] pci 0000:00:16.0: [8086:8c3a] type 00 class 0x078000
Apr 11 09:26:26 HP-ProBook-650-G1 kernel: [    1.631213] pci 0000:00:16.0: reg 0x10: [mem 0xd0739000-0xd073900f 64bit]
Apr 11 09:26:26 HP-ProBook-650-G1 kernel: [    1.631278] pci 0000:00:16.0: PME# supported from D0 D3hot D3cold
Apr 11 09:26:26 HP-ProBook-650-G1 kernel: [    1.631384] pci 0000:00:19.0: [8086:153b] type 00 class 0x020000
Apr 11 09:26:26 HP-ProBook-650-G1 kernel: [    1.631401] pci 0000:00:19.0: reg 0x10: [mem 0xd0700000-0xd071ffff]
Apr 11 09:26:26 HP-ProBook-650-G1 kernel: [    1.631408] pci 0000:00:19.0: reg 0x14: [mem 0xd073f000-0xd073ffff]
Apr 11 09:26:26 HP-ProBook-650-G1 kernel: [    1.631416] pci 0000:00:19.0: reg 0x18: [io  0x3080-0x309f]
Apr 11 09:26:26 HP-ProBook-650-G1 kernel: [    1.631475] pci 0000:00:19.0: PME# supported from D0 D3hot D3cold
Apr 11 09:26:26 HP-ProBook-650-G1 kernel: [    1.631581] pci 0000:00:1a.0: [8086:8c2d] type 00 class 0x0c0320
Apr 11 09:26:26 HP-ProBook-650-G1 kernel: [    1.631601] pci 0000:00:1a.0: reg 0x10: [mem 0xd073e000-0xd073e3ff]
Apr 11 09:26:26 HP-ProBook-650-G1 kernel: [    1.631685] pci 0000:00:1a.0: PME# supported from D0 D3hot D3cold
Apr 11 09:26:26 HP-ProBook-650-G1 kernel: [    1.631791] pci 0000:00:1b.0: [8086:8c20] type 00 class 0x040300
Apr 11 09:26:26 HP-ProBook-650-G1 kernel: [    1.631810] pci 0000:00:1b.0: reg 0x10: [mem 0xd0734000-0xd0737fff 64bit]
Apr 11 09:26:26 HP-ProBook-650-G1 kernel: [    1.631881] pci 0000:00:1b.0: PME# supported from D0 D3hot D3cold
Apr 11 09:26:26 HP-ProBook-650-G1 kernel: [    1.631990] pci 0000:00:1c.0: [8086:8c10] type 01 class 0x060400
Apr 11 09:26:26 HP-ProBook-650-G1 kernel: [    1.632074] pci 0000:00:1c.0: PME# supported from D0 D3hot D3cold
Apr 11 09:26:26 HP-ProBook-650-G1 kernel: [    1.632240] pci 0000:00:1c.6: [8086:8c1c] type 01 class 0x060400
Apr 11 09:26:26 HP-ProBook-650-G1 kernel: [    1.632320] pci 0000:00:1c.6: PME# supported from D0 D3hot D3cold
Apr 11 09:26:26 HP-ProBook-650-G1 kernel: [    1.632474] pci 0000:00:1c.7: [8086:8c1e] type 01 class 0x060400
Apr 11 09:26:26 HP-ProBook-650-G1 kernel: [    1.632554] pci 0000:00:1c.7: PME# supported from D0 D3hot D3cold
Apr 11 09:26:26 HP-ProBook-650-G1 kernel: [    1.632708] pci 0000:00:1d.0: [8086:8c26] type 00 class 0x0c0320
Apr 11 09:26:26 HP-ProBook-650-G1 kernel: [    1.632728] pci 0000:00:1d.0: reg 0x10: [mem 0xd073d000-0xd073d3ff]
Apr 11 09:26:26 HP-ProBook-650-G1 kernel: [    1.632813] pci 0000:00:1d.0: PME# supported from D0 D3hot D3cold
Apr 11 09:26:26 HP-ProBook-650-G1 kernel: [    1.632922] pci 0000:00:1f.0: [8086:8c4b] type 00 class 0x060100
Apr 11 09:26:26 HP-ProBook-650-G1 kernel: [    1.633125] pci 0000:00:1f.2: [8086:8c03] type 00 class 0x010601
Apr 11 09:26:26 HP-ProBook-650-G1 kernel: [    1.633141] pci 0000:00:1f.2: reg 0x10: [io  0x30a8-0x30af]
Apr 11 09:26:26 HP-ProBook-650-G1 kernel: [    1.633148] pci 0000:00:1f.2: reg 0x14: [io  0x30b4-0x30b7]
Apr 11 09:26:26 HP-ProBook-650-G1 kernel: [    1.633155] pci 0000:00:1f.2: reg 0x18: [io  0x30a0-0x30a7]
Apr 11 09:26:26 HP-ProBook-650-G1 kernel: [    1.633161] pci 0000:00:1f.2: reg 0x1c: [io  0x30b0-0x30b3]
Apr 11 09:26:26 HP-ProBook-650-G1 kernel: [    1.633168] pci 0000:00:1f.2: reg 0x20: [io  0x3060-0x307f]
Apr 11 09:26:26 HP-ProBook-650-G1 kernel: [    1.633175] pci 0000:00:1f.2: reg 0x24: [mem 0xd073c000-0xd073c7ff]
Apr 11 09:26:26 HP-ProBook-650-G1 kernel: [    1.633213] pci 0000:00:1f.2: PME# supported from D3hot
Apr 11 09:26:26 HP-ProBook-650-G1 kernel: [    1.633313] pci 0000:00:1f.3: [8086:8c22] type 00 class 0x0c0500
Apr 11 09:26:26 HP-ProBook-650-G1 kernel: [    1.633330] pci 0000:00:1f.3: reg 0x10: [mem 0xd0738000-0xd07380ff 64bit]
Apr 11 09:26:26 HP-ProBook-650-G1 kernel: [    1.633347] pci 0000:00:1f.3: reg 0x20: [io  0xef80-0xef9f]
Apr 11 09:26:26 HP-ProBook-650-G1 kernel: [    1.633499] pci 0000:00:1c.0: PCI bridge to [bus 01]
Apr 11 09:26:26 HP-ProBook-650-G1 kernel: [    1.633504] pci 0000:00:1c.0:   bridge window [mem 0xd0600000-0xd06fffff]
Apr 11 09:26:26 HP-ProBook-650-G1 kernel: [    1.633611] pci 0000:02:00.0: [8086:088e] type 00 class 0x028000
Apr 11 09:26:26 HP-ProBook-650-G1 kernel: [    1.633682] pci 0000:02:00.0: reg 0x10: [mem 0xd0500000-0xd0501fff 64bit]
Apr 11 09:26:26 HP-ProBook-650-G1 kernel: [    1.633968] pci 0000:02:00.0: PME# supported from D0 D3hot D3cold
Apr 11 09:26:26 HP-ProBook-650-G1 kernel: [    1.644049] pci 0000:00:1c.6: PCI bridge to [bus 02]
Apr 11 09:26:26 HP-ProBook-650-G1 kernel: [    1.644054] pci 0000:00:1c.6:   bridge window [mem 0xd0500000-0xd05fffff]
Apr 11 09:26:26 HP-ProBook-650-G1 kernel: [    1.644124] pci 0000:03:00.0: [10ec:5227] type 00 class 0xff0000
Apr 11 09:26:26 HP-ProBook-650-G1 kernel: [    1.644224] pci 0000:03:00.0: reg 0x10: [mem 0xd0400000-0xd0400fff]
Apr 11 09:26:26 HP-ProBook-650-G1 kernel: [    1.644589] pci 0000:03:00.0: supports D1 D2
Apr 11 09:26:26 HP-ProBook-650-G1 kernel: [    1.644590] pci 0000:03:00.0: PME# supported from D1 D2 D3hot D3cold
Apr 11 09:26:26 HP-ProBook-650-G1 kernel: [    1.656032] pci 0000:00:1c.7: PCI bridge to [bus 03]
Apr 11 09:26:26 HP-ProBook-650-G1 kernel: [    1.656036] pci 0000:00:1c.7:   bridge window [mem 0xd0400000-0xd04fffff]
Apr 11 09:26:26 HP-ProBook-650-G1 kernel: [    1.657288] ACPI: PCI Interrupt Link [LNKA] (IRQs 3 4 5 6 *10 11 12 14 15)
Apr 11 09:26:26 HP-ProBook-650-G1 kernel: [    1.657347] ACPI: PCI Interrupt Link [LNKB] (IRQs 3 4 5 6 *10 11 12 14 15)
Apr 11 09:26:26 HP-ProBook-650-G1 kernel: [    1.657403] ACPI: PCI Interrupt Link [LNKC] (IRQs 3 4 5 6 *10 11 12 14 15)
Apr 11 09:26:26 HP-ProBook-650-G1 kernel: [    1.657459] ACPI: PCI Interrupt Link [LNKD] (IRQs 3 4 5 6 *10 11 12 14 15)
Apr 11 09:26:26 HP-ProBook-650-G1 kernel: [    1.657514] ACPI: PCI Interrupt Link [LNKE] (IRQs 3 4 5 6 10 *11 12 14 15)
Apr 11 09:26:26 HP-ProBook-650-G1 kernel: [    1.657569] ACPI: PCI Interrupt Link [LNKF] (IRQs 3 4 5 6 10 11 12 14 15) *0, disabled.
Apr 11 09:26:26 HP-ProBook-650-G1 kernel: [    1.657627] ACPI: PCI Interrupt Link [LNKG] (IRQs 3 4 *5 6 10 11 12 14 15)
Apr 11 09:26:26 HP-ProBook-650-G1 kernel: [    1.657682] ACPI: PCI Interrupt Link [LNKH] (IRQs 3 4 5 6 10 11 12 14 15) *0, disabled.
Apr 11 09:26:26 HP-ProBook-650-G1 kernel: [    1.658071] ACPI: EC: interrupt unblocked
Apr 11 09:26:26 HP-ProBook-650-G1 kernel: [    1.658076] ACPI: EC: event unblocked
Apr 11 09:26:26 HP-ProBook-650-G1 kernel: [    1.658082] ACPI: \_SB_.PCI0.LPCB.EC0_: GPE=0x16, EC_CMD/EC_SC=0x66, EC_DATA=0x62
Apr 11 09:26:26 HP-ProBook-650-G1 kernel: [    1.658083] ACPI: \_SB_.PCI0.LPCB.EC0_: Used as boot DSDT EC to handle transactions and events
Apr 11 09:26:26 HP-ProBook-650-G1 kernel: [    1.658260] SCSI subsystem initialized
Apr 11 09:26:26 HP-ProBook-650-G1 kernel: [    1.658272] libata version 3.00 loaded.
Apr 11 09:26:26 HP-ProBook-650-G1 kernel: [    1.658272] pci 0000:00:02.0: vgaarb: setting as boot VGA device
Apr 11 09:26:26 HP-ProBook-650-G1 kernel: [    1.658272] pci 0000:00:02.0: vgaarb: VGA device added: decodes=io+mem,owns=io+mem,locks=none
Apr 11 09:26:26 HP-ProBook-650-G1 kernel: [    1.658272] pci 0000:00:02.0: vgaarb: bridge control possible
Apr 11 09:26:26 HP-ProBook-650-G1 kernel: [    1.658272] vgaarb: loaded
Apr 11 09:26:26 HP-ProBook-650-G1 kernel: [    1.658272] ACPI: bus type USB registered
Apr 11 09:26:26 HP-ProBook-650-G1 kernel: [    1.658272] usbcore: registered new interface driver usbfs
Apr 11 09:26:26 HP-ProBook-650-G1 kernel: [    1.658272] usbcore: registered new interface driver hub
Apr 11 09:26:26 HP-ProBook-650-G1 kernel: [    1.658272] usbcore: registered new device driver usb
Apr 11 09:26:26 HP-ProBook-650-G1 kernel: [    1.658272] EDAC MC: Ver: 3.0.0
Apr 11 09:26:26 HP-ProBook-650-G1 kernel: [    1.658272] PCI: Using ACPI for IRQ routing
Apr 11 09:26:26 HP-ProBook-650-G1 kernel: [    1.663626] PCI: pci_cache_line_size set to 64 bytes
Apr 11 09:26:26 HP-ProBook-650-G1 kernel: [    1.663725] e820: reserve RAM buffer [mem 0x0009dc00-0x0009ffff]
Apr 11 09:26:26 HP-ProBook-650-G1 kernel: [    1.663726] e820: reserve RAM buffer [mem 0xbab7f000-0xbbffffff]
Apr 11 09:26:26 HP-ProBook-650-G1 kernel: [    1.663727] e820: reserve RAM buffer [mem 0x23fe00000-0x23fffffff]
Apr 11 09:26:26 HP-ProBook-650-G1 kernel: [    1.663806] NetLabel: Initializing
Apr 11 09:26:26 HP-ProBook-650-G1 kernel: [    1.663806] NetLabel:  domain hash size = 128
Apr 11 09:26:26 HP-ProBook-650-G1 kernel: [    1.663806] NetLabel:  protocols = UNLABELED CIPSOv4 CALIPSO
Apr 11 09:26:26 HP-ProBook-650-G1 kernel: [    1.663819] NetLabel:  unlabeled traffic allowed by default
Apr 11 09:26:26 HP-ProBook-650-G1 kernel: [    1.664407] hpet0: at MMIO 0xfed00000, IRQs 2, 8, 0, 0, 0, 0, 0, 0
Apr 11 09:26:26 HP-ProBook-650-G1 kernel: [    1.664410] hpet0: 8 comparators, 64-bit 14.318180 MHz counter
Apr 11 09:26:26 HP-ProBook-650-G1 kernel: [    1.666434] clocksource: Switched to clocksource hpet
Apr 11 09:26:26 HP-ProBook-650-G1 kernel: [    1.673596] VFS: Disk quotas dquot_6.6.0
Apr 11 09:26:26 HP-ProBook-650-G1 kernel: [    1.673613] VFS: Dquot-cache hash table entries: 512 (order 0, 4096 bytes)
Apr 11 09:26:26 HP-ProBook-650-G1 kernel: [    1.673703] AppArmor: AppArmor Filesystem Enabled
Apr 11 09:26:26 HP-ProBook-650-G1 kernel: [    1.673730] pnp: PnP ACPI init
Apr 11 09:26:26 HP-ProBook-650-G1 kernel: [    1.674007] system 00:00: [mem 0xfed1c000-0xfed1ffff] has been reserved
Apr 11 09:26:26 HP-ProBook-650-G1 kernel: [    1.674010] system 00:00: [mem 0xfed10000-0xfed17fff] could not be reserved
Apr 11 09:26:26 HP-ProBook-650-G1 kernel: [    1.674011] system 00:00: [mem 0xfed18000-0xfed18fff] has been reserved
Apr 11 09:26:26 HP-ProBook-650-G1 kernel: [    1.674012] system 00:00: [mem 0xfed19000-0xfed19fff] has been reserved
Apr 11 09:26:26 HP-ProBook-650-G1 kernel: [    1.674013] system 00:00: [mem 0xe0000000-0xefffffff] has been reserved
Apr 11 09:26:26 HP-ProBook-650-G1 kernel: [    1.674014] system 00:00: [mem 0xfed20000-0xfed3ffff] has been reserved
Apr 11 09:26:26 HP-ProBook-650-G1 kernel: [    1.674015] system 00:00: [mem 0xfed90000-0xfed93fff] has been reserved
Apr 11 09:26:26 HP-ProBook-650-G1 kernel: [    1.674016] system 00:00: [mem 0xfed45000-0xfed8ffff] has been reserved
Apr 11 09:26:26 HP-ProBook-650-G1 kernel: [    1.674017] system 00:00: [mem 0xfec00000-0xfec00fff] could not be reserved
Apr 11 09:26:26 HP-ProBook-650-G1 kernel: [    1.674019] system 00:00: [mem 0xbf210000-0xbf21ffff] has been reserved
Apr 11 09:26:26 HP-ProBook-650-G1 kernel: [    1.674023] system 00:00: Plug and Play ACPI device, IDs PNP0c02 (active)
Apr 11 09:26:26 HP-ProBook-650-G1 kernel: [    1.674246] system 00:01: [io  0x0200-0x027f] has been reserved
Apr 11 09:26:26 HP-ProBook-650-G1 kernel: [    1.674247] system 00:01: [io  0xffff] has been reserved
Apr 11 09:26:26 HP-ProBook-650-G1 kernel: [    1.674248] system 00:01: [io  0xffff] has been reserved
Apr 11 09:26:26 HP-ProBook-650-G1 kernel: [    1.674249] system 00:01: [io  0xffff] has been reserved
Apr 11 09:26:26 HP-ProBook-650-G1 kernel: [    1.674250] system 00:01: [io  0x1800-0x18fe] has been reserved
Apr 11 09:26:26 HP-ProBook-650-G1 kernel: [    1.674251] system 00:01: [io  0xef80-0xef9f] has been reserved
Apr 11 09:26:26 HP-ProBook-650-G1 kernel: [    1.674254] system 00:01: Plug and Play ACPI device, IDs PNP0c02 (active)
Apr 11 09:26:26 HP-ProBook-650-G1 kernel: [    1.674304] system 00:02: [io  0x0800-0x087f] has been reserved
Apr 11 09:26:26 HP-ProBook-650-G1 kernel: [    1.674306] system 00:02: Plug and Play ACPI device, IDs PNP0c02 (active)
Apr 11 09:26:26 HP-ProBook-650-G1 kernel: [    1.674326] pnp 00:03: Plug and Play ACPI device, IDs PNP0b00 (active)
Apr 11 09:26:26 HP-ProBook-650-G1 kernel: [    1.674843] pnp 00:04: Plug and Play ACPI device, IDs PNP0501 PNP0500 (active)
Apr 11 09:26:26 HP-ProBook-650-G1 kernel: [    1.675263] pnp 00:05: [dma 0 disabled]
Apr 11 09:26:26 HP-ProBook-650-G1 kernel: [    1.675323] pnp 00:05: Plug and Play ACPI device, IDs PNP0401 (active)
Apr 11 09:26:26 HP-ProBook-650-G1 kernel: [    1.675343] pnp 00:06: Plug and Play ACPI device, IDs HPQ8001 PNP0303 (active)
Apr 11 09:26:26 HP-ProBook-650-G1 kernel: [    1.675359] pnp 00:07: Plug and Play ACPI device, IDs SYN3002 SYN0100 SYN0002 PNP0f13 (active)
Apr 11 09:26:26 HP-ProBook-650-G1 kernel: [    1.675710] system 00:08: [mem 0x20000000-0x201fffff] could not be reserved
Apr 11 09:26:26 HP-ProBook-650-G1 kernel: [    1.675711] system 00:08: [mem 0x40004000-0x40004fff] could not be reserved
Apr 11 09:26:26 HP-ProBook-650-G1 kernel: [    1.675714] system 00:08: Plug and Play ACPI device, IDs PNP0c01 (active)
Apr 11 09:26:26 HP-ProBook-650-G1 kernel: [    1.675969] pnp 00:09: Plug and Play ACPI device, IDs IFX0102 PNP0c31 (active)
Apr 11 09:26:26 HP-ProBook-650-G1 kernel: [    1.675988] pnp: PnP ACPI: found 10 devices
Apr 11 09:26:26 HP-ProBook-650-G1 kernel: [    1.682017] clocksource: acpi_pm: mask: 0xffffff max_cycles: 0xffffff, max_idle_ns: 2085701024 ns
Apr 11 09:26:26 HP-ProBook-650-G1 kernel: [    1.682024] pci 0000:00:1c.7: bridge window [io  0x1000-0x0fff] to [bus 03] add_size 1000
Apr 11 09:26:26 HP-ProBook-650-G1 kernel: [    1.682026] pci 0000:00:1c.7: bridge window [mem 0x00100000-0x000fffff 64bit pref] to [bus 03] add_size 200000 add_align 100000
Apr 11 09:26:26 HP-ProBook-650-G1 kernel: [    1.682035] pci 0000:00:1c.7: BAR 15: assigned [mem 0xbf300000-0xbf4fffff 64bit pref]
Apr 11 09:26:26 HP-ProBook-650-G1 kernel: [    1.682037] pci 0000:00:1c.7: BAR 13: assigned [io  0x2000-0x2fff]
Apr 11 09:26:26 HP-ProBook-650-G1 kernel: [    1.682039] pci 0000:00:1c.0: PCI bridge to [bus 01]
Apr 11 09:26:26 HP-ProBook-650-G1 kernel: [    1.682044] pci 0000:00:1c.0:   bridge window [mem 0xd0600000-0xd06fffff]
Apr 11 09:26:26 HP-ProBook-650-G1 kernel: [    1.682051] pci 0000:00:1c.6: PCI bridge to [bus 02]
Apr 11 09:26:26 HP-ProBook-650-G1 kernel: [    1.682055] pci 0000:00:1c.6:   bridge window [mem 0xd0500000-0xd05fffff]
Apr 11 09:26:26 HP-ProBook-650-G1 kernel: [    1.682062] pci 0000:00:1c.7: PCI bridge to [bus 03]
Apr 11 09:26:26 HP-ProBook-650-G1 kernel: [    1.682065] pci 0000:00:1c.7:   bridge window [io  0x2000-0x2fff]
Apr 11 09:26:26 HP-ProBook-650-G1 kernel: [    1.682069] pci 0000:00:1c.7:   bridge window [mem 0xd0400000-0xd04fffff]
Apr 11 09:26:26 HP-ProBook-650-G1 kernel: [    1.682071] pci 0000:00:1c.7:   bridge window [mem 0xbf300000-0xbf4fffff 64bit pref]
Apr 11 09:26:26 HP-ProBook-650-G1 kernel: [    1.682077] pci_bus 0000:00: resource 4 [io  0x0000-0x0cf7 window]
Apr 11 09:26:26 HP-ProBook-650-G1 kernel: [    1.682078] pci_bus 0000:00: resource 5 [io  0x0d00-0xffff window]
Apr 11 09:26:26 HP-ProBook-650-G1 kernel: [    1.682079] pci_bus 0000:00: resource 6 [mem 0x000a0000-0x000bffff window]
Apr 11 09:26:26 HP-ProBook-650-G1 kernel: [    1.682080] pci_bus 0000:00: resource 7 [mem 0xbf200000-0xdfffffff window]
Apr 11 09:26:26 HP-ProBook-650-G1 kernel: [    1.682081] pci_bus 0000:00: resource 8 [mem 0xf0000000-0xfed3ffff window]
Apr 11 09:26:26 HP-ProBook-650-G1 kernel: [    1.682082] pci_bus 0000:00: resource 9 [mem 0xfed45000-0xfedfffff window]
Apr 11 09:26:26 HP-ProBook-650-G1 kernel: [    1.682083] pci_bus 0000:00: resource 10 [mem 0xfee01000-0xffffffff window]
Apr 11 09:26:26 HP-ProBook-650-G1 kernel: [    1.682084] pci_bus 0000:01: resource 1 [mem 0xd0600000-0xd06fffff]
Apr 11 09:26:26 HP-ProBook-650-G1 kernel: [    1.682085] pci_bus 0000:02: resource 1 [mem 0xd0500000-0xd05fffff]
Apr 11 09:26:26 HP-ProBook-650-G1 kernel: [    1.682086] pci_bus 0000:03: resource 0 [io  0x2000-0x2fff]
Apr 11 09:26:26 HP-ProBook-650-G1 kernel: [    1.682087] pci_bus 0000:03: resource 1 [mem 0xd0400000-0xd04fffff]
Apr 11 09:26:26 HP-ProBook-650-G1 kernel: [    1.682088] pci_bus 0000:03: resource 2 [mem 0xbf300000-0xbf4fffff 64bit pref]
Apr 11 09:26:26 HP-ProBook-650-G1 kernel: [    1.682196] NET: Registered protocol family 2
Apr 11 09:26:26 HP-ProBook-650-G1 kernel: [    1.682334] TCP established hash table entries: 65536 (order: 7, 524288 bytes)
Apr 11 09:26:26 HP-ProBook-650-G1 kernel: [    1.682427] TCP bind hash table entries: 65536 (order: 8, 1048576 bytes)
Apr 11 09:26:26 HP-ProBook-650-G1 kernel: [    1.682544] TCP: Hash tables configured (established 65536 bind 65536)
Apr 11 09:26:26 HP-ProBook-650-G1 kernel: [    1.682575] UDP hash table entries: 4096 (order: 5, 131072 bytes)
Apr 11 09:26:26 HP-ProBook-650-G1 kernel: [    1.682595] UDP-Lite hash table entries: 4096 (order: 5, 131072 bytes)
Apr 11 09:26:26 HP-ProBook-650-G1 kernel: [    1.682645] NET: Registered protocol family 1
Apr 11 09:26:26 HP-ProBook-650-G1 kernel: [    1.682656] pci 0000:00:02.0: Video device with shadowed ROM at [mem 0x000c0000-0x000dffff]
Apr 11 09:26:26 HP-ProBook-650-G1 kernel: [    1.682664] pci 0000:00:14.0: enabling device (0000 -> 0002)
Apr 11 09:26:26 HP-ProBook-650-G1 kernel: [    1.683470] PCI: CLS 64 bytes, default 64
Apr 11 09:26:26 HP-ProBook-650-G1 kernel: [    1.683500] Unpacking initramfs...
Apr 11 09:26:26 HP-ProBook-650-G1 kernel: [    2.386058] Freeing initrd memory: 56280K
Apr 11 09:26:26 HP-ProBook-650-G1 kernel: [    2.386082] PCI-DMA: Using software bounce buffering for IO (SWIOTLB)
Apr 11 09:26:26 HP-ProBook-650-G1 kernel: [    2.386084] software IO TLB: mapped [mem 0xb6b7f000-0xbab7f000] (64MB)
Apr 11 09:26:26 HP-ProBook-650-G1 kernel: [    2.386314] Scanning for low memory corruption every 60 seconds
Apr 11 09:26:26 HP-ProBook-650-G1 kernel: [    2.386891] Initialise system trusted keyrings
Apr 11 09:26:26 HP-ProBook-650-G1 kernel: [    2.386900] Key type blacklist registered
Apr 11 09:26:26 HP-ProBook-650-G1 kernel: [    2.386933] workingset: timestamp_bits=36 max_order=21 bucket_order=0
Apr 11 09:26:26 HP-ProBook-650-G1 kernel: [    2.387839] zbud: loaded
Apr 11 09:26:26 HP-ProBook-650-G1 kernel: [    2.388295] squashfs: version 4.0 (2009/01/31) Phillip Lougher
Apr 11 09:26:26 HP-ProBook-650-G1 kernel: [    2.388412] fuse init (API version 7.26)
Apr 11 09:26:26 HP-ProBook-650-G1 kernel: [    2.389825] Key type asymmetric registered
Apr 11 09:26:26 HP-ProBook-650-G1 kernel: [    2.389825] Asymmetric key parser 'x509' registered
Apr 11 09:26:26 HP-ProBook-650-G1 kernel: [    2.389848] Block layer SCSI generic (bsg) driver version 0.4 loaded (major 246)
Apr 11 09:26:26 HP-ProBook-650-G1 kernel: [    2.389880] io scheduler noop registered
Apr 11 09:26:26 HP-ProBook-650-G1 kernel: [    2.389880] io scheduler deadline registered
Apr 11 09:26:26 HP-ProBook-650-G1 kernel: [    2.389900] io scheduler cfq registered (default)
Apr 11 09:26:26 HP-ProBook-650-G1 kernel: [    2.390646] pcieport 0000:00:1c.0: Signaling PME with IRQ 24
Apr 11 09:26:26 HP-ProBook-650-G1 kernel: [    2.390668] pcieport 0000:00:1c.6: Signaling PME with IRQ 25
Apr 11 09:26:26 HP-ProBook-650-G1 kernel: [    2.390684] pcieport 0000:00:1c.7: Signaling PME with IRQ 26
Apr 11 09:26:26 HP-ProBook-650-G1 kernel: [    2.390701] pciehp 0000:00:1c.7:pcie004: Slot #7 AttnBtn- PwrCtrl- MRL- AttnInd- PwrInd- HotPlug+ Surprise+ Interlock- NoCompl+ LLActRep+
Apr 11 09:26:26 HP-ProBook-650-G1 kernel: [    2.390760] vesafb: mode is 1366x768x32, linelength=5504, pages=0
Apr 11 09:26:26 HP-ProBook-650-G1 kernel: [    2.390760] vesafb: scrolling: redraw
Apr 11 09:26:26 HP-ProBook-650-G1 kernel: [    2.390761] vesafb: Truecolor: size=8:8:8:8, shift=24:16:8:0
Apr 11 09:26:26 HP-ProBook-650-G1 kernel: [    2.390770] vesafb: framebuffer at 0xc0000000, mapped to 0x        (ptrval), using 4160k, total 4160k
Apr 11 09:26:26 HP-ProBook-650-G1 kernel: [    2.468391] Console: switching to colour frame buffer device 170x48
Apr 11 09:26:26 HP-ProBook-650-G1 kernel: [    2.545708] fb0: VESA VGA frame buffer device
Apr 11 09:26:26 HP-ProBook-650-G1 kernel: [    2.545735] intel_idle: MWAIT substates: 0x42120
Apr 11 09:26:26 HP-ProBook-650-G1 kernel: [    2.545736] intel_idle: v0.4.1 model 0x3C
Apr 11 09:26:26 HP-ProBook-650-G1 kernel: [    2.545858] intel_idle: lapic_timer_reliable_states 0xffffffff
Apr 11 09:26:26 HP-ProBook-650-G1 kernel: [    2.546070] ACPI: AC Adapter [AC] (on-line)
Apr 11 09:26:26 HP-ProBook-650-G1 kernel: [    2.546129] input: Sleep Button as /devices/LNXSYSTM:00/LNXSYBUS:00/PNP0C0E:00/input/input0
Apr 11 09:26:26 HP-ProBook-650-G1 kernel: [    2.546137] ACPI: Sleep Button [SLPB]
Apr 11 09:26:26 HP-ProBook-650-G1 kernel: [    2.546162] input: Lid Switch as /devices/LNXSYSTM:00/LNXSYBUS:00/PNP0C0D:00/input/input1
Apr 11 09:26:26 HP-ProBook-650-G1 kernel: [    2.546167] ACPI: Lid Switch [LID]
Apr 11 09:26:26 HP-ProBook-650-G1 kernel: [    2.546192] input: Power Button as /devices/LNXSYSTM:00/LNXPWRBN:00/input/input2
Apr 11 09:26:26 HP-ProBook-650-G1 kernel: [    2.546217] ACPI: Power Button [PWRF]
Apr 11 09:26:26 HP-ProBook-650-G1 kernel: [    2.566228] (NULL device *): hwmon_device_register() is deprecated. Please convert the driver to use hwmon_device_register_with_info().
Apr 11 09:26:26 HP-ProBook-650-G1 kernel: [    2.571278] thermal LNXTHERM:00: registered as thermal_zone0
Apr 11 09:26:26 HP-ProBook-650-G1 kernel: [    2.571279] ACPI: Thermal Zone [CPUZ] (32 C)
Apr 11 09:26:26 HP-ProBook-650-G1 kernel: [    2.595438] thermal LNXTHERM:01: registered as thermal_zone1
Apr 11 09:26:26 HP-ProBook-650-G1 kernel: [    2.595439] ACPI: Thermal Zone [GFXZ] (0 C)
Apr 11 09:26:26 HP-ProBook-650-G1 kernel: [    2.610496] thermal LNXTHERM:02: registered as thermal_zone2
Apr 11 09:26:26 HP-ProBook-650-G1 kernel: [    2.610497] ACPI: Thermal Zone [EXTZ] (0 C)
Apr 11 09:26:26 HP-ProBook-650-G1 kernel: [    2.626603] thermal LNXTHERM:03: registered as thermal_zone3
Apr 11 09:26:26 HP-ProBook-650-G1 kernel: [    2.626604] ACPI: Thermal Zone [LOCZ] (23 C)
Apr 11 09:26:26 HP-ProBook-650-G1 kernel: [    2.641743] thermal LNXTHERM:04: registered as thermal_zone4
Apr 11 09:26:26 HP-ProBook-650-G1 kernel: [    2.641744] ACPI: Thermal Zone [BATZ] (22 C)
Apr 11 09:26:26 HP-ProBook-650-G1 kernel: [    2.642100] thermal LNXTHERM:05: registered as thermal_zone5
Apr 11 09:26:26 HP-ProBook-650-G1 kernel: [    2.642101] ACPI: Thermal Zone [PCHZ] (114 C)
Apr 11 09:26:26 HP-ProBook-650-G1 kernel: [    2.642249] Serial: 8250/16550 driver, 32 ports, IRQ sharing enabled
Apr 11 09:26:26 HP-ProBook-650-G1 kernel: [    2.662105] ACPI: Battery Slot [BAT0] (battery present)
Apr 11 09:26:26 HP-ProBook-650-G1 kernel: [    2.662739] 00:04: ttyS0 at I/O 0x3f8 (irq = 4, base_baud = 115200) is a 16550A
Apr 11 09:26:26 HP-ProBook-650-G1 kernel: [    2.664369] Linux agpgart interface v0.103
Apr 11 09:26:26 HP-ProBook-650-G1 kernel: [    2.696584] tpm_tis 00:09: 1.2 TPM (device-id 0xB, rev-id 16)
Apr 11 09:26:26 HP-ProBook-650-G1 kernel: [    2.833609] loop: module loaded
Apr 11 09:26:26 HP-ProBook-650-G1 kernel: [    2.833741] libphy: Fixed MDIO Bus: probed
Apr 11 09:26:26 HP-ProBook-650-G1 kernel: [    2.833742] tun: Universal TUN/TAP device driver, 1.6
Apr 11 09:26:26 HP-ProBook-650-G1 kernel: [    2.833770] PPP generic driver version 2.4.2
Apr 11 09:26:26 HP-ProBook-650-G1 kernel: [    2.833802] ehci_hcd: USB 2.0 'Enhanced' Host Controller (EHCI) Driver
Apr 11 09:26:26 HP-ProBook-650-G1 kernel: [    2.833804] ehci-pci: EHCI PCI platform driver
Apr 11 09:26:26 HP-ProBook-650-G1 kernel: [    2.833968] ehci-pci 0000:00:1a.0: EHCI Host Controller
Apr 11 09:26:26 HP-ProBook-650-G1 kernel: [    2.833973] ehci-pci 0000:00:1a.0: new USB bus registered, assigned bus number 1
Apr 11 09:26:26 HP-ProBook-650-G1 kernel: [    2.833984] ehci-pci 0000:00:1a.0: debug port 2
Apr 11 09:26:26 HP-ProBook-650-G1 kernel: [    2.837897] ehci-pci 0000:00:1a.0: cache line size of 64 is not supported
Apr 11 09:26:26 HP-ProBook-650-G1 kernel: [    2.837907] ehci-pci 0000:00:1a.0: irq 16, io mem 0xd073e000
Apr 11 09:26:26 HP-ProBook-650-G1 kernel: [    2.852022] ehci-pci 0000:00:1a.0: USB 2.0 started, EHCI 1.00
Apr 11 09:26:26 HP-ProBook-650-G1 kernel: [    2.852056] usb usb1: New USB device found, idVendor=1d6b, idProduct=0002
Apr 11 09:26:26 HP-ProBook-650-G1 kernel: [    2.852057] usb usb1: New USB device strings: Mfr=3, Product=2, SerialNumber=1
Apr 11 09:26:26 HP-ProBook-650-G1 kernel: [    2.852058] usb usb1: Product: EHCI Host Controller
Apr 11 09:26:26 HP-ProBook-650-G1 kernel: [    2.852059] usb usb1: Manufacturer: Linux 4.15.0-136-generic ehci_hcd
Apr 11 09:26:26 HP-ProBook-650-G1 kernel: [    2.852059] usb usb1: SerialNumber: 0000:00:1a.0
Apr 11 09:26:26 HP-ProBook-650-G1 kernel: [    2.852166] hub 1-0:1.0: USB hub found
Apr 11 09:26:26 HP-ProBook-650-G1 kernel: [    2.852170] hub 1-0:1.0: 2 ports detected
Apr 11 09:26:26 HP-ProBook-650-G1 kernel: [    2.852426] ehci-pci 0000:00:1d.0: EHCI Host Controller
Apr 11 09:26:26 HP-ProBook-650-G1 kernel: [    2.852429] ehci-pci 0000:00:1d.0: new USB bus registered, assigned bus number 2
Apr 11 09:26:26 HP-ProBook-650-G1 kernel: [    2.852438] ehci-pci 0000:00:1d.0: debug port 2
Apr 11 09:26:26 HP-ProBook-650-G1 kernel: [    2.856330] ehci-pci 0000:00:1d.0: cache line size of 64 is not supported
Apr 11 09:26:26 HP-ProBook-650-G1 kernel: [    2.856338] ehci-pci 0000:00:1d.0: irq 17, io mem 0xd073d000
Apr 11 09:26:26 HP-ProBook-650-G1 kernel: [    2.872016] ehci-pci 0000:00:1d.0: USB 2.0 started, EHCI 1.00
Apr 11 09:26:26 HP-ProBook-650-G1 kernel: [    2.872039] usb usb2: New USB device found, idVendor=1d6b, idProduct=0002
Apr 11 09:26:26 HP-ProBook-650-G1 kernel: [    2.872040] usb usb2: New USB device strings: Mfr=3, Product=2, SerialNumber=1
Apr 11 09:26:26 HP-ProBook-650-G1 kernel: [    2.872040] usb usb2: Product: EHCI Host Controller
Apr 11 09:26:26 HP-ProBook-650-G1 kernel: [    2.872041] usb usb2: Manufacturer: Linux 4.15.0-136-generic ehci_hcd
Apr 11 09:26:26 HP-ProBook-650-G1 kernel: [    2.872042] usb usb2: SerialNumber: 0000:00:1d.0
Apr 11 09:26:26 HP-ProBook-650-G1 kernel: [    2.872135] hub 2-0:1.0: USB hub found
Apr 11 09:26:26 HP-ProBook-650-G1 kernel: [    2.872138] hub 2-0:1.0: 2 ports detected
Apr 11 09:26:26 HP-ProBook-650-G1 kernel: [    2.872248] ehci-platform: EHCI generic platform driver
Apr 11 09:26:26 HP-ProBook-650-G1 kernel: [    2.872255] ohci_hcd: USB 1.1 'Open' Host Controller (OHCI) Driver
Apr 11 09:26:26 HP-ProBook-650-G1 kernel: [    2.872257] ohci-pci: OHCI PCI platform driver
Apr 11 09:26:26 HP-ProBook-650-G1 kernel: [    2.872264] ohci-platform: OHCI generic platform driver
Apr 11 09:26:26 HP-ProBook-650-G1 kernel: [    2.872269] uhci_hcd: USB Universal Host Controller Interface driver
Apr 11 09:26:26 HP-ProBook-650-G1 kernel: [    2.872419] xhci_hcd 0000:00:14.0: xHCI Host Controller
Apr 11 09:26:26 HP-ProBook-650-G1 kernel: [    2.872424] xhci_hcd 0000:00:14.0: new USB bus registered, assigned bus number 3
Apr 11 09:26:26 HP-ProBook-650-G1 kernel: [    2.873503] xhci_hcd 0000:00:14.0: hcc params 0x200077c1 hci version 0x100 quirks 0x0000000000009810
Apr 11 09:26:26 HP-ProBook-650-G1 kernel: [    2.873507] xhci_hcd 0000:00:14.0: cache line size of 64 is not supported
Apr 11 09:26:26 HP-ProBook-650-G1 kernel: [    2.873619] usb usb3: New USB device found, idVendor=1d6b, idProduct=0002
Apr 11 09:26:26 HP-ProBook-650-G1 kernel: [    2.873620] usb usb3: New USB device strings: Mfr=3, Product=2, SerialNumber=1
Apr 11 09:26:26 HP-ProBook-650-G1 kernel: [    2.873621] usb usb3: Product: xHCI Host Controller
Apr 11 09:26:26 HP-ProBook-650-G1 kernel: [    2.873622] usb usb3: Manufacturer: Linux 4.15.0-136-generic xhci-hcd
Apr 11 09:26:26 HP-ProBook-650-G1 kernel: [    2.873622] usb usb3: SerialNumber: 0000:00:14.0
Apr 11 09:26:26 HP-ProBook-650-G1 kernel: [    2.873717] hub 3-0:1.0: USB hub found
Apr 11 09:26:26 HP-ProBook-650-G1 kernel: [    2.873734] hub 3-0:1.0: 14 ports detected
Apr 11 09:26:26 HP-ProBook-650-G1 kernel: [    2.874363] xhci_hcd 0000:00:14.0: xHCI Host Controller
Apr 11 09:26:26 HP-ProBook-650-G1 kernel: [    2.874365] xhci_hcd 0000:00:14.0: new USB bus registered, assigned bus number 4
Apr 11 09:26:26 HP-ProBook-650-G1 kernel: [    2.874367] xhci_hcd 0000:00:14.0: Host supports USB 3.0  SuperSpeed
Apr 11 09:26:26 HP-ProBook-650-G1 kernel: [    2.874397] usb usb4: New USB device found, idVendor=1d6b, idProduct=0003
Apr 11 09:26:26 HP-ProBook-650-G1 kernel: [    2.874398] usb usb4: New USB device strings: Mfr=3, Product=2, SerialNumber=1
Apr 11 09:26:26 HP-ProBook-650-G1 kernel: [    2.874399] usb usb4: Product: xHCI Host Controller
Apr 11 09:26:26 HP-ProBook-650-G1 kernel: [    2.874400] usb usb4: Manufacturer: Linux 4.15.0-136-generic xhci-hcd
Apr 11 09:26:26 HP-ProBook-650-G1 kernel: [    2.874401] usb usb4: SerialNumber: 0000:00:14.0
Apr 11 09:26:26 HP-ProBook-650-G1 kernel: [    2.874493] hub 4-0:1.0: USB hub found
Apr 11 09:26:26 HP-ProBook-650-G1 kernel: [    2.874504] hub 4-0:1.0: 6 ports detected
Apr 11 09:26:26 HP-ProBook-650-G1 kernel: [    2.874868] i8042: PNP: PS/2 Controller [PNP0303:PS2K,PNP0f13:PS2M] at 0x60,0x64 irq 1,12
Apr 11 09:26:26 HP-ProBook-650-G1 kernel: [    2.876012] i8042: Detected active multiplexing controller, rev 1.1
Apr 11 09:26:26 HP-ProBook-650-G1 kernel: [    2.876657] serio: i8042 KBD port at 0x60,0x64 irq 1
Apr 11 09:26:26 HP-ProBook-650-G1 kernel: [    2.876660] serio: i8042 AUX0 port at 0x60,0x64 irq 12
Apr 11 09:26:26 HP-ProBook-650-G1 kernel: [    2.876680] serio: i8042 AUX1 port at 0x60,0x64 irq 12
Apr 11 09:26:26 HP-ProBook-650-G1 kernel: [    2.876694] serio: i8042 AUX2 port at 0x60,0x64 irq 12
Apr 11 09:26:26 HP-ProBook-650-G1 kernel: [    2.876709] serio: i8042 AUX3 port at 0x60,0x64 irq 12
Apr 11 09:26:26 HP-ProBook-650-G1 kernel: [    2.876835] mousedev: PS/2 mouse device common for all mice
Apr 11 09:26:26 HP-ProBook-650-G1 kernel: [    2.877047] rtc_cmos 00:03: RTC can wake from S4
Apr 11 09:26:26 HP-ProBook-650-G1 kernel: [    2.877175] rtc_cmos 00:03: rtc core: registered rtc_cmos as rtc0
Apr 11 09:26:26 HP-ProBook-650-G1 kernel: [    2.877206] rtc_cmos 00:03: alarms up to one month, y3k, 242 bytes nvram, hpet irqs
Apr 11 09:26:26 HP-ProBook-650-G1 kernel: [    2.877212] i2c /dev entries driver
Apr 11 09:26:26 HP-ProBook-650-G1 kernel: [    2.877251] device-mapper: uevent: version 1.0.3
Apr 11 09:26:26 HP-ProBook-650-G1 kernel: [    2.877303] device-mapper: ioctl: 4.37.0-ioctl (2017-09-20) initialised: dm-devel@redhat.com
Apr 11 09:26:26 HP-ProBook-650-G1 kernel: [    2.877308] intel_pstate: Intel P-state driver initializing
Apr 11 09:26:26 HP-ProBook-650-G1 kernel: [    2.877443] ledtrig-cpu: registered to indicate activity on CPUs
Apr 11 09:26:26 HP-ProBook-650-G1 kernel: [    2.877748] NET: Registered protocol family 10
Apr 11 09:26:26 HP-ProBook-650-G1 kernel: [    2.881127] Segment Routing with IPv6
Apr 11 09:26:26 HP-ProBook-650-G1 kernel: [    2.881150] NET: Registered protocol family 17
Apr 11 09:26:26 HP-ProBook-650-G1 kernel: [    2.881212] Key type dns_resolver registered
Apr 11 09:26:26 HP-ProBook-650-G1 kernel: [    2.881380] mce: Using 7 MCE banks
Apr 11 09:26:26 HP-ProBook-650-G1 kernel: [    2.881388] RAS: Correctable Errors collector initialized.
Apr 11 09:26:26 HP-ProBook-650-G1 kernel: [    2.881411] microcode: sig=0x306c3, pf=0x10, revision=0x28
Apr 11 09:26:26 HP-ProBook-650-G1 kernel: [    2.881487] microcode: Microcode Update Driver: v2.2.
Apr 11 09:26:26 HP-ProBook-650-G1 kernel: [    2.881503] sched_clock: Marking stable (2881483871, 0)->(2864416984, 17066887)
Apr 11 09:26:26 HP-ProBook-650-G1 kernel: [    2.881679] registered taskstats version 1
Apr 11 09:26:26 HP-ProBook-650-G1 kernel: [    2.881686] Loading compiled-in X.509 certificates
Apr 11 09:26:26 HP-ProBook-650-G1 kernel: [    2.883857] Loaded X.509 cert 'Build time autogenerated kernel key: c356b48d5f070be9e15fb09bbd57426939f0386e'
Apr 11 09:26:26 HP-ProBook-650-G1 kernel: [    2.883874] zswap: loaded using pool lzo/zbud
Apr 11 09:26:26 HP-ProBook-650-G1 kernel: [    2.886928] Key type big_key registered
Apr 11 09:26:26 HP-ProBook-650-G1 kernel: [    2.886931] Key type trusted registered
Apr 11 09:26:26 HP-ProBook-650-G1 kernel: [    2.888463] Key type encrypted registered
Apr 11 09:26:26 HP-ProBook-650-G1 kernel: [    2.888465] AppArmor: AppArmor sha1 policy hashing enabled
Apr 11 09:26:26 HP-ProBook-650-G1 kernel: [    2.901445] input: AT Translated Set 2 keyboard as /devices/platform/i8042/serio0/input/input3
Apr 11 09:26:26 HP-ProBook-650-G1 kernel: [    2.915270] ima: Allocated hash algorithm: sha1
Apr 11 09:26:26 HP-ProBook-650-G1 kernel: [    3.188034] usb 1-1: new high-speed USB device number 2 using ehci-pci
Apr 11 09:26:26 HP-ProBook-650-G1 kernel: [    3.198789] evm: HMAC attrs: 0x1
Apr 11 09:26:26 HP-ProBook-650-G1 kernel: [    3.199199]   Magic number: 1:342:449
Apr 11 09:26:26 HP-ProBook-650-G1 kernel: [    3.199321] rtc_cmos 00:03: setting system clock to 2021-04-10 21:26:20 UTC (1618089980)
Apr 11 09:26:26 HP-ProBook-650-G1 kernel: [    3.199387] BIOS EDD facility v0.16 2004-Jun-25, 0 devices found
Apr 11 09:26:26 HP-ProBook-650-G1 kernel: [    3.199387] EDD information not available.
Apr 11 09:26:26 HP-ProBook-650-G1 kernel: [    3.208030] usb 3-5: new full-speed USB device number 2 using xhci_hcd
Apr 11 09:26:26 HP-ProBook-650-G1 kernel: [    3.208036] usb 2-1: new high-speed USB device number 2 using ehci-pci
Apr 11 09:26:26 HP-ProBook-650-G1 kernel: [    3.357256] usb 3-5: New USB device found, idVendor=138a, idProduct=003f
Apr 11 09:26:26 HP-ProBook-650-G1 kernel: [    3.357257] usb 3-5: New USB device strings: Mfr=0, Product=0, SerialNumber=1
Apr 11 09:26:26 HP-ProBook-650-G1 kernel: [    3.357258] usb 3-5: SerialNumber: 00a0ee9a1c98
Apr 11 09:26:26 HP-ProBook-650-G1 kernel: [    3.364340] usb 2-1: New USB device found, idVendor=8087, idProduct=8000
Apr 11 09:26:26 HP-ProBook-650-G1 kernel: [    3.364341] usb 2-1: New USB device strings: Mfr=0, Product=0, SerialNumber=0
Apr 11 09:26:26 HP-ProBook-650-G1 kernel: [    3.364484] hub 2-1:1.0: USB hub found
Apr 11 09:26:26 HP-ProBook-650-G1 kernel: [    3.364589] hub 2-1:1.0: 8 ports detected
Apr 11 09:26:26 HP-ProBook-650-G1 kernel: [    3.484031] usb 3-7: new high-speed USB device number 3 using xhci_hcd
Apr 11 09:26:26 HP-ProBook-650-G1 kernel: [    3.503793] Freeing unused kernel image memory: 2440K
Apr 11 09:26:26 HP-ProBook-650-G1 kernel: [    3.504097] tsc: Refined TSC clocksource calibration: 2593.994 MHz
Apr 11 09:26:26 HP-ProBook-650-G1 kernel: [    3.504103] clocksource: tsc: mask: 0xffffffffffffffff max_cycles: 0x256412811b4, max_idle_ns: 440795306987 ns
Apr 11 09:26:26 HP-ProBook-650-G1 kernel: [    3.508071] Write protecting the kernel read-only data: 20480k
Apr 11 09:26:26 HP-ProBook-650-G1 kernel: [    3.509148] Freeing unused kernel image memory: 2008K
Apr 11 09:26:26 HP-ProBook-650-G1 kernel: [    3.509361] Freeing unused kernel image memory: 1868K
Apr 11 09:26:26 HP-ProBook-650-G1 kernel: [    3.515148] x86/mm: Checked W+X mappings: passed, no W+X pages found.
Apr 11 09:26:26 HP-ProBook-650-G1 kernel: [    3.515149] x86/mm: Checking user space page tables
Apr 11 09:26:26 HP-ProBook-650-G1 kernel: [    3.520777] x86/mm: Checked W+X mappings: passed, no W+X pages found.
Apr 11 09:26:26 HP-ProBook-650-G1 kernel: [    3.592324] usb 1-1: New USB device found, idVendor=8087, idProduct=8008
Apr 11 09:26:26 HP-ProBook-650-G1 kernel: [    3.592327] usb 1-1: New USB device strings: Mfr=0, Product=0, SerialNumber=0
Apr 11 09:26:26 HP-ProBook-650-G1 kernel: [    3.592608] hub 1-1:1.0: USB hub found
Apr 11 09:26:26 HP-ProBook-650-G1 kernel: [    3.592699] hub 1-1:1.0: 6 ports detected
Apr 11 09:26:26 HP-ProBook-650-G1 kernel: [    3.601891] pps_core: LinuxPPS API ver. 1 registered
Apr 11 09:26:26 HP-ProBook-650-G1 kernel: [    3.601893] pps_core: Software ver. 5.3.6 - Copyright 2005-2007 Rodolfo Giometti <giometti@linux.it>
Apr 11 09:26:26 HP-ProBook-650-G1 kernel: [    3.603088] PTP clock support registered
Apr 11 09:26:26 HP-ProBook-650-G1 kernel: [    3.620596] ahci 0000:00:1f.2: version 3.0
Apr 11 09:26:26 HP-ProBook-650-G1 kernel: [    3.620878] ahci 0000:00:1f.2: SSS flag set, parallel bus scan disabled
Apr 11 09:26:26 HP-ProBook-650-G1 kernel: [    3.620907] ahci 0000:00:1f.2: AHCI 0001.0300 32 slots 6 ports 6 Gbps 0x37 impl SATA mode
Apr 11 09:26:26 HP-ProBook-650-G1 kernel: [    3.620909] ahci 0000:00:1f.2: flags: 64bit ncq stag pm led clo pio slum part ems sxs apst 
Apr 11 09:26:26 HP-ProBook-650-G1 kernel: [    3.620976] e1000e: Intel(R) PRO/1000 Network Driver - 3.2.6-k
Apr 11 09:26:26 HP-ProBook-650-G1 kernel: [    3.620976] e1000e: Copyright(c) 1999 - 2015 Intel Corporation.
Apr 11 09:26:26 HP-ProBook-650-G1 kernel: [    3.669984] scsi host0: ahci
Apr 11 09:26:26 HP-ProBook-650-G1 kernel: [    3.670075] scsi host1: ahci
Apr 11 09:26:26 HP-ProBook-650-G1 kernel: [    3.670147] scsi host2: ahci
Apr 11 09:26:26 HP-ProBook-650-G1 kernel: [    3.670215] scsi host3: ahci
Apr 11 09:26:26 HP-ProBook-650-G1 kernel: [    3.670288] scsi host4: ahci
Apr 11 09:26:26 HP-ProBook-650-G1 kernel: [    3.670366] scsi host5: ahci
Apr 11 09:26:26 HP-ProBook-650-G1 kernel: [    3.670396] ata1: SATA max UDMA/133 abar m2048@0xd073c000 port 0xd073c100 irq 29
Apr 11 09:26:26 HP-ProBook-650-G1 kernel: [    3.670398] ata2: SATA max UDMA/133 abar m2048@0xd073c000 port 0xd073c180 irq 29
Apr 11 09:26:26 HP-ProBook-650-G1 kernel: [    3.670400] ata3: SATA max UDMA/133 abar m2048@0xd073c000 port 0xd073c200 irq 29
Apr 11 09:26:26 HP-ProBook-650-G1 kernel: [    3.670401] ata4: DUMMY
Apr 11 09:26:26 HP-ProBook-650-G1 kernel: [    3.670403] ata5: SATA max UDMA/133 abar m2048@0xd073c000 port 0xd073c300 irq 29
Apr 11 09:26:26 HP-ProBook-650-G1 kernel: [    3.670405] ata6: SATA max UDMA/133 abar m2048@0xd073c000 port 0xd073c380 irq 29
Apr 11 09:26:26 HP-ProBook-650-G1 kernel: [    3.670632] e1000e 0000:00:19.0: Interrupt Throttling Rate (ints/sec) set to dynamic conservative mode
Apr 11 09:26:26 HP-ProBook-650-G1 kernel: [    3.715454] usb 3-7: New USB device found, idVendor=05c8, idProduct=0369
Apr 11 09:26:26 HP-ProBook-650-G1 kernel: [    3.715456] usb 3-7: New USB device strings: Mfr=1, Product=2, SerialNumber=0
Apr 11 09:26:26 HP-ProBook-650-G1 kernel: [    3.715457] usb 3-7: Product: HP HD Webcam
Apr 11 09:26:26 HP-ProBook-650-G1 kernel: [    3.715458] usb 3-7: Manufacturer: SunplusIT INC.
Apr 11 09:26:26 HP-ProBook-650-G1 kernel: [    3.746648] e1000e 0000:00:19.0 0000:00:19.0 (uninitialized): registered PHC clock
Apr 11 09:26:26 HP-ProBook-650-G1 kernel: [    3.814686] e1000e 0000:00:19.0 eth0: (PCI Express:2.5GT/s:Width x1) 58:20:b1:77:4f:f5
Apr 11 09:26:26 HP-ProBook-650-G1 kernel: [    3.814687] e1000e 0000:00:19.0 eth0: Intel(R) PRO/1000 Network Connection
Apr 11 09:26:26 HP-ProBook-650-G1 kernel: [    3.814736] e1000e 0000:00:19.0 eth0: MAC: 11, PHY: 12, PBA No: FFFFFF-0FF
Apr 11 09:26:26 HP-ProBook-650-G1 kernel: [    3.815277] [drm] Memory usable by graphics device = 2048M
Apr 11 09:26:26 HP-ProBook-650-G1 kernel: [    3.815279] checking generic (c0000000 410000) vs hw (c0000000 10000000)
Apr 11 09:26:26 HP-ProBook-650-G1 kernel: [    3.815279] fb: switching to inteldrmfb from VESA VGA
Apr 11 09:26:26 HP-ProBook-650-G1 kernel: [    3.815295] Console: switching to colour dummy device 80x25
Apr 11 09:26:26 HP-ProBook-650-G1 kernel: [    3.815353] [drm] Replacing VGA console driver
Apr 11 09:26:26 HP-ProBook-650-G1 kernel: [    3.815686] e1000e 0000:00:19.0 enp0s25: renamed from eth0
Apr 11 09:26:26 HP-ProBook-650-G1 kernel: [    3.821446] [drm] Supports vblank timestamp caching Rev 2 (21.10.2013).
Apr 11 09:26:26 HP-ProBook-650-G1 kernel: [    3.821447] [drm] Driver supports precise vblank timestamp query.
Apr 11 09:26:26 HP-ProBook-650-G1 kernel: [    3.823582] i915 0000:00:02.0: vgaarb: changed VGA decodes: olddecodes=io+mem,decodes=io+mem:owns=io+mem
Apr 11 09:26:26 HP-ProBook-650-G1 kernel: [    3.837230] random: fast init done
Apr 11 09:26:26 HP-ProBook-650-G1 kernel: [    3.837249] random: systemd-udevd: uninitialized urandom read (16 bytes read)
Apr 11 09:26:26 HP-ProBook-650-G1 kernel: [    3.839199] ------------[ cut here ]------------
Apr 11 09:26:26 HP-ProBook-650-G1 kernel: [    3.839200] Could not determine valid watermarks for inherited state
Apr 11 09:26:26 HP-ProBook-650-G1 kernel: [    3.839251] WARNING: CPU: 3 PID: 173 at /build/linux-zK7Mt2/linux-4.15.0/drivers/gpu/drm/i915/intel_display.c:14537 intel_modeset_init+0xfcf/0x1010 [i915]
Apr 11 09:26:26 HP-ProBook-650-G1 kernel: [    3.839252] Modules linked in: i915(+) rtsx_pci_sdmmc i2c_algo_bit drm_kms_helper syscopyarea sysfillrect sysimgblt fb_sys_fops ahci psmouse e1000e libahci drm rtsx_pci ptp pps_core wmi video
Apr 11 09:26:26 HP-ProBook-650-G1 kernel: [    3.839260] CPU: 3 PID: 173 Comm: systemd-udevd Not tainted 4.15.0-136-generic #140-Ubuntu
Apr 11 09:26:26 HP-ProBook-650-G1 kernel: [    3.839260] Hardware name: Hewlett-Packard HP ProBook 650 G1/1993, BIOS L77 Ver. 01.32 03/25/2015
Apr 11 09:26:26 HP-ProBook-650-G1 kernel: [    3.839291] RIP: 0010:intel_modeset_init+0xfcf/0x1010 [i915]
Apr 11 09:26:26 HP-ProBook-650-G1 kernel: [    3.839292] RSP: 0018:ffffa509c11ab9b0 EFLAGS: 00010286
Apr 11 09:26:26 HP-ProBook-650-G1 kernel: [    3.839293] RAX: 0000000000000000 RBX: ffff9732ea868000 RCX: ffffffff83c63aa8
Apr 11 09:26:26 HP-ProBook-650-G1 kernel: [    3.839293] RDX: 0000000000000001 RSI: 0000000000000096 RDI: 0000000000000247
Apr 11 09:26:26 HP-ProBook-650-G1 kernel: [    3.839294] RBP: ffffa509c11aba40 R08: 00000000000002a7 R09: 0000000000000004
Apr 11 09:26:26 HP-ProBook-650-G1 kernel: [    3.839295] R10: 0000000000000040 R11: 0000000000000001 R12: ffff9732eb5d9c00
Apr 11 09:26:26 HP-ProBook-650-G1 kernel: [    3.839295] R13: ffff9732f5c9ac00 R14: 00000000ffffffea R15: ffff9732ea868358
Apr 11 09:26:26 HP-ProBook-650-G1 kernel: [    3.839296] FS:  00007f011cf1e680(0000) GS:ffff9732ffac0000(0000) knlGS:0000000000000000
Apr 11 09:26:26 HP-ProBook-650-G1 kernel: [    3.839297] CS:  0010 DS: 0000 ES: 0000 CR0: 0000000080050033
Apr 11 09:26:26 HP-ProBook-650-G1 kernel: [    3.839298] CR2: 00007ffe968cac6c CR3: 000000022b3ec005 CR4: 00000000001606e0
Apr 11 09:26:26 HP-ProBook-650-G1 kernel: [    3.839298] Call Trace:
Apr 11 09:26:26 HP-ProBook-650-G1 kernel: [    3.839326]  i915_driver_load+0xa73/0xe60 [i915]
Apr 11 09:26:26 HP-ProBook-650-G1 kernel: [    3.839349]  i915_pci_probe+0x42/0x70 [i915]
Apr 11 09:26:26 HP-ProBook-650-G1 kernel: [    3.839352]  local_pci_probe+0x47/0xa0
Apr 11 09:26:26 HP-ProBook-650-G1 kernel: [    3.839354]  pci_device_probe+0xf1/0x1d0
Apr 11 09:26:26 HP-ProBook-650-G1 kernel: [    3.839357]  driver_probe_device+0x395/0x4a0
Apr 11 09:26:26 HP-ProBook-650-G1 kernel: [    3.839359]  __driver_attach+0xcc/0xf0
Apr 11 09:26:26 HP-ProBook-650-G1 kernel: [    3.839361]  ? driver_probe_device+0x4a0/0x4a0
Apr 11 09:26:26 HP-ProBook-650-G1 kernel: [    3.839362]  bus_for_each_dev+0x70/0xc0
Apr 11 09:26:26 HP-ProBook-650-G1 kernel: [    3.839364]  driver_attach+0x1e/0x20
Apr 11 09:26:26 HP-ProBook-650-G1 kernel: [    3.839366]  bus_add_driver+0x1c7/0x270
Apr 11 09:26:26 HP-ProBook-650-G1 kernel: [    3.839367]  ? 0xffffffffc043a000
Apr 11 09:26:26 HP-ProBook-650-G1 kernel: [    3.839368]  driver_register+0x60/0xe0
Apr 11 09:26:26 HP-ProBook-650-G1 kernel: [    3.839369]  ? 0xffffffffc043a000
Apr 11 09:26:26 HP-ProBook-650-G1 kernel: [    3.839370]  __pci_register_driver+0x5a/0x60
Apr 11 09:26:26 HP-ProBook-650-G1 kernel: [    3.839404]  i915_init+0x5c/0x5f [i915]
Apr 11 09:26:26 HP-ProBook-650-G1 kernel: [    3.839406]  do_one_initcall+0x52/0x19f
Apr 11 09:26:26 HP-ProBook-650-G1 kernel: [    3.839408]  ? __vunmap+0xb5/0xe0
Apr 11 09:26:26 HP-ProBook-650-G1 kernel: [    3.839410]  ? _cond_resched+0x19/0x40
Apr 11 09:26:26 HP-ProBook-650-G1 kernel: [    3.839412]  ? kmem_cache_alloc_trace+0x167/0x1d0
Apr 11 09:26:26 HP-ProBook-650-G1 kernel: [    3.839415]  ? do_init_module+0x27/0x213
Apr 11 09:26:26 HP-ProBook-650-G1 kernel: [    3.839416]  do_init_module+0x5f/0x213
Apr 11 09:26:26 HP-ProBook-650-G1 kernel: [    3.839418]  load_module+0x16bd/0x1f20
Apr 11 09:26:26 HP-ProBook-650-G1 kernel: [    3.839421]  ? ima_post_read_file+0x96/0xa0
Apr 11 09:26:26 HP-ProBook-650-G1 kernel: [    3.839423]  SYSC_finit_module+0xfc/0x120
Apr 11 09:26:26 HP-ProBook-650-G1 kernel: [    3.839424]  ? SYSC_finit_module+0xfc/0x120
Apr 11 09:26:26 HP-ProBook-650-G1 kernel: [    3.839426]  SyS_finit_module+0xe/0x10
Apr 11 09:26:26 HP-ProBook-650-G1 kernel: [    3.839427]  do_syscall_64+0x73/0x130
Apr 11 09:26:26 HP-ProBook-650-G1 kernel: [    3.839429]  entry_SYSCALL_64_after_hwframe+0x41/0xa6
Apr 11 09:26:26 HP-ProBook-650-G1 kernel: [    3.839429] RIP: 0033:0x7f011ca25639
Apr 11 09:26:26 HP-ProBook-650-G1 kernel: [    3.839430] RSP: 002b:00007ffe968cfe98 EFLAGS: 00000246 ORIG_RAX: 0000000000000139
Apr 11 09:26:26 HP-ProBook-650-G1 kernel: [    3.839431] RAX: ffffffffffffffda RBX: 000055a966566580 RCX: 00007f011ca25639
Apr 11 09:26:26 HP-ProBook-650-G1 kernel: [    3.839431] RDX: 0000000000000000 RSI: 00007f011c704105 RDI: 0000000000000012
Apr 11 09:26:26 HP-ProBook-650-G1 kernel: [    3.839432] RBP: 00007f011c704105 R08: 0000000000000000 R09: 00007ffe968cffb0
Apr 11 09:26:26 HP-ProBook-650-G1 kernel: [    3.839432] R10: 0000000000000012 R11: 0000000000000246 R12: 0000000000000000
Apr 11 09:26:26 HP-ProBook-650-G1 kernel: [    3.839433] R13: 000055a96656e7b0 R14: 0000000000020000 R15: 000055a966566580
Apr 11 09:26:26 HP-ProBook-650-G1 kernel: [    3.839433] Code: e9 46 fc ff ff 48 c7 c6 f7 8d 3c c0 48 c7 c7 4f 81 3c c0 e8 a4 37 55 c2 0f 0b e9 73 fe ff ff 48 c7 c7 40 e6 3d c0 e8 91 37 55 c2 <0f> 0b e9 4b fe ff ff 48 c7 c6 04 8e 3c c0 48 c7 c7 4f 81 3c c0 
Apr 11 09:26:26 HP-ProBook-650-G1 kernel: [    3.839444] ---[ end trace 5dc1fd1faec9be84 ]---
Apr 11 09:26:26 HP-ProBook-650-G1 kernel: [    3.841758] random: systemd-udevd: uninitialized urandom read (16 bytes read)
Apr 11 09:26:26 HP-ProBook-650-G1 kernel: [    3.841771] random: systemd-udevd: uninitialized urandom read (16 bytes read)
Apr 11 09:26:26 HP-ProBook-650-G1 kernel: [    3.842319] [drm] Initialized i915 1.6.0 20171023 for 0000:00:02.0 on minor 0
Apr 11 09:26:26 HP-ProBook-650-G1 kernel: [    3.844099] ACPI: Video Device [GFX0] (multi-head: yes  rom: no  post: no)
Apr 11 09:26:26 HP-ProBook-650-G1 kernel: [    3.846456] input: Video Bus as /devices/LNXSYSTM:00/LNXSYBUS:00/PNP0A08:00/LNXVIDEO:00/input/input10
Apr 11 09:26:26 HP-ProBook-650-G1 kernel: [    3.912059] usb 3-10: new full-speed USB device number 4 using xhci_hcd
Apr 11 09:26:26 HP-ProBook-650-G1 kernel: [    3.914904] fbcon: inteldrmfb (fb0) is primary device
Apr 11 09:26:26 HP-ProBook-650-G1 kernel: [    3.987161] ata1: SATA link up 6.0 Gbps (SStatus 133 SControl 300)
Apr 11 09:26:26 HP-ProBook-650-G1 kernel: [    3.991637] ata1.00: ATA-9: CT240BX500SSD1,  M6CR013, max UDMA/133
Apr 11 09:26:26 HP-ProBook-650-G1 kernel: [    3.991638] ata1.00: 468862128 sectors, multi 1: LBA48 NCQ (depth 31/32), AA
Apr 11 09:26:26 HP-ProBook-650-G1 kernel: [    4.002304] ata1.00: configured for UDMA/133
Apr 11 09:26:26 HP-ProBook-650-G1 kernel: [    4.002557] scsi 0:0:0:0: Direct-Access     ATA      CT240BX500SSD1   R013 PQ: 0 ANSI: 5
Apr 11 09:26:26 HP-ProBook-650-G1 kernel: [    4.002865] sd 0:0:0:0: [sda] 468862128 512-byte logical blocks: (240 GB/224 GiB)
Apr 11 09:26:26 HP-ProBook-650-G1 kernel: [    4.002873] sd 0:0:0:0: [sda] Write Protect is off
Apr 11 09:26:26 HP-ProBook-650-G1 kernel: [    4.002876] sd 0:0:0:0: [sda] Mode Sense: 00 3a 00 00
Apr 11 09:26:26 HP-ProBook-650-G1 kernel: [    4.002885] sd 0:0:0:0: Attached scsi generic sg0 type 0
Apr 11 09:26:26 HP-ProBook-650-G1 kernel: [    4.002886] sd 0:0:0:0: [sda] Write cache: enabled, read cache: enabled, doesn't support DPO or FUA
Apr 11 09:26:26 HP-ProBook-650-G1 kernel: [    4.003640]  sda: sda1 sda2 sda3 < sda5 sda6 > sda4
Apr 11 09:26:26 HP-ProBook-650-G1 kernel: [    4.004208] sd 0:0:0:0: [sda] Attached SCSI disk
Apr 11 09:26:26 HP-ProBook-650-G1 kernel: [    4.065595] usb 3-10: New USB device found, idVendor=248a, idProduct=8367
Apr 11 09:26:26 HP-ProBook-650-G1 kernel: [    4.065597] usb 3-10: New USB device strings: Mfr=1, Product=2, SerialNumber=0
Apr 11 09:26:26 HP-ProBook-650-G1 kernel: [    4.065598] usb 3-10: Product: Wireless Receiver
Apr 11 09:26:26 HP-ProBook-650-G1 kernel: [    4.065599] usb 3-10: Manufacturer: Telink
Apr 11 09:26:26 HP-ProBook-650-G1 kernel: [    4.192096] usb 3-12: new full-speed USB device number 5 using xhci_hcd
Apr 11 09:26:26 HP-ProBook-650-G1 kernel: [    4.320059] ata2: SATA link up 1.5 Gbps (SStatus 113 SControl 300)
Apr 11 09:26:26 HP-ProBook-650-G1 kernel: [    4.322890] ata2.00: ATAPI: hp       DVDRW  GUB0N, UB00, max UDMA/133
Apr 11 09:26:26 HP-ProBook-650-G1 kernel: [    4.327624] ata2.00: configured for UDMA/133
Apr 11 09:26:26 HP-ProBook-650-G1 kernel: [    4.332735] scsi 1:0:0:0: CD-ROM            hp       DVDRW  GUB0N     UB00 PQ: 0 ANSI: 5
Apr 11 09:26:26 HP-ProBook-650-G1 kernel: [    4.343736] usb 3-12: New USB device found, idVendor=8087, idProduct=07da
Apr 11 09:26:26 HP-ProBook-650-G1 kernel: [    4.343737] usb 3-12: New USB device strings: Mfr=0, Product=0, SerialNumber=0
Apr 11 09:26:26 HP-ProBook-650-G1 kernel: [    4.349244] hidraw: raw HID events driver (C) Jiri Kosina
Apr 11 09:26:26 HP-ProBook-650-G1 kernel: [    4.355941] usbcore: registered new interface driver usbhid
Apr 11 09:26:26 HP-ProBook-650-G1 kernel: [    4.355942] usbhid: USB HID core driver
Apr 11 09:26:26 HP-ProBook-650-G1 kernel: [    4.358780] input: Telink Wireless Receiver as /devices/pci0000:00/0000:00:14.0/usb3/3-10/3-10:1.0/0003:248A:8367.0001/input/input11
Apr 11 09:26:26 HP-ProBook-650-G1 kernel: [    4.395673] sr 1:0:0:0: [sr0] scsi3-mmc drive: 24x/24x writer dvd-ram cd/rw xa/form2 cdda tray
Apr 11 09:26:26 HP-ProBook-650-G1 kernel: [    4.395674] cdrom: Uniform CD-ROM driver Revision: 3.20
Apr 11 09:26:26 HP-ProBook-650-G1 kernel: [    4.395836] sr 1:0:0:0: Attached scsi CD-ROM sr0
Apr 11 09:26:26 HP-ProBook-650-G1 kernel: [    4.395915] sr 1:0:0:0: Attached scsi generic sg1 type 5
Apr 11 09:26:26 HP-ProBook-650-G1 kernel: [    4.416185] hid-generic 0003:248A:8367.0001: input,hidraw0: USB HID v1.11 Mouse [Telink Wireless Receiver] on usb-0000:00:14.0-10/input0
Apr 11 09:26:26 HP-ProBook-650-G1 kernel: [    4.416310] input: Telink Wireless Receiver as /devices/pci0000:00/0000:00:14.0/usb3/3-10/3-10:1.1/0003:248A:8367.0002/input/input12
Apr 11 09:26:26 HP-ProBook-650-G1 kernel: [    4.476187] hid-generic 0003:248A:8367.0002: input,hidraw1: USB HID v1.11 Keyboard [Telink Wireless Receiver] on usb-0000:00:14.0-10/input1
Apr 11 09:26:26 HP-ProBook-650-G1 kernel: [    4.508233] clocksource: Switched to clocksource tsc
Apr 11 09:26:26 HP-ProBook-650-G1 kernel: [    4.711696] ata3: SATA link down (SStatus 0 SControl 300)
Apr 11 09:26:26 HP-ProBook-650-G1 kernel: [    4.740044] input: PS/2 Generic Mouse as /devices/platform/i8042/serio2/input/input9
Apr 11 09:26:26 HP-ProBook-650-G1 kernel: [    5.017982] Console: switching to colour frame buffer device 170x48
Apr 11 09:26:26 HP-ProBook-650-G1 kernel: [    5.027575] ata5: SATA link down (SStatus 0 SControl 300)
Apr 11 09:26:26 HP-ProBook-650-G1 kernel: [    5.036423] i915 0000:00:02.0: fb0: inteldrmfb frame buffer device
Apr 11 09:26:26 HP-ProBook-650-G1 kernel: [    5.343689] ata6: SATA link down (SStatus 0 SControl 300)
Apr 11 09:26:26 HP-ProBook-650-G1 kernel: [    5.535867] psmouse serio3: synaptics: queried max coordinates: x [..5658], y [..4746]
Apr 11 09:26:26 HP-ProBook-650-G1 kernel: [    5.572085] psmouse serio3: synaptics: queried min coordinates: x [1368..], y [1240..]
Apr 11 09:26:26 HP-ProBook-650-G1 kernel: [    5.572092] psmouse serio3: synaptics: Your touchpad (PNP: SYN3002 SYN0100 SYN0002 PNP0f13) says it can support a different bus. If i2c-hid and hid-rmi are not used, you might want to try setting psmouse.synaptics_intertouch to 1 and report this to linux-input@vger.kernel.org.
Apr 11 09:26:26 HP-ProBook-650-G1 kernel: [    5.632334] psmouse serio3: synaptics: Touchpad model: 1, fw: 8.1, id: 0x1e2b1, caps: 0xd00123/0x840300/0x26800/0x0, board id: 2759, fw id: 1499454
Apr 11 09:26:26 HP-ProBook-650-G1 kernel: [    5.670275] input: SynPS/2 Synaptics TouchPad as /devices/platform/i8042/serio3/input/input13
Apr 11 09:26:26 HP-ProBook-650-G1 kernel: [    6.060020] raid6: sse2x1   gen() 10899 MB/s
Apr 11 09:26:26 HP-ProBook-650-G1 kernel: [    6.108021] raid6: sse2x1   xor()  7616 MB/s
Apr 11 09:26:26 HP-ProBook-650-G1 kernel: [    6.156017] raid6: sse2x2   gen() 12913 MB/s
Apr 11 09:26:26 HP-ProBook-650-G1 kernel: [    6.204021] raid6: sse2x2   xor()  8378 MB/s
Apr 11 09:26:26 HP-ProBook-650-G1 kernel: [    6.252020] raid6: sse2x4   gen() 15266 MB/s
Apr 11 09:26:26 HP-ProBook-650-G1 kernel: [    6.300017] raid6: sse2x4   xor()  9635 MB/s
Apr 11 09:26:26 HP-ProBook-650-G1 kernel: [    6.348018] raid6: avx2x1   gen() 21087 MB/s
Apr 11 09:26:26 HP-ProBook-650-G1 kernel: [    6.396019] raid6: avx2x1   xor() 14395 MB/s
Apr 11 09:26:26 HP-ProBook-650-G1 kernel: [    6.444019] raid6: avx2x2   gen() 24509 MB/s
Apr 11 09:26:26 HP-ProBook-650-G1 kernel: [    6.492018] raid6: avx2x2   xor() 15100 MB/s
Apr 11 09:26:26 HP-ProBook-650-G1 kernel: [    6.540018] raid6: avx2x4   gen() 27956 MB/s
Apr 11 09:26:26 HP-ProBook-650-G1 kernel: [    6.588019] raid6: avx2x4   xor() 17733 MB/s
Apr 11 09:26:26 HP-ProBook-650-G1 kernel: [    6.588019] raid6: using algorithm avx2x4 gen() 27956 MB/s
Apr 11 09:26:26 HP-ProBook-650-G1 kernel: [    6.588020] raid6: .... xor() 17733 MB/s, rmw enabled
Apr 11 09:26:26 HP-ProBook-650-G1 kernel: [    6.588020] raid6: using avx2x2 recovery algorithm
Apr 11 09:26:26 HP-ProBook-650-G1 kernel: [    6.590493] xor: automatically using best checksumming function   avx       
Apr 11 09:26:26 HP-ProBook-650-G1 kernel: [    6.603397] Btrfs loaded, crc32c=crc32c-intel
Apr 11 09:26:26 HP-ProBook-650-G1 kernel: [    6.754635] EXT4-fs (sda6): mounted filesystem with ordered data mode. Opts: (null)
Apr 11 09:26:26 HP-ProBook-650-G1 kernel: [    6.948388] ip_tables: (C) 2000-2006 Netfilter Core Team
Apr 11 09:26:26 HP-ProBook-650-G1 kernel: [    7.159329] EXT4-fs (sda6): re-mounted. Opts: errors=remount-ro
Apr 11 09:26:26 HP-ProBook-650-G1 kernel: [    7.186972] lp: driver loaded but no devices found
Apr 11 09:26:26 HP-ProBook-650-G1 kernel: [    7.201265] ppdev: user-space parallel port driver
Apr 11 09:26:26 HP-ProBook-650-G1 kernel: [    7.205081] parport_pc 00:05: reported by Plug and Play ACPI
Apr 11 09:26:26 HP-ProBook-650-G1 kernel: [    7.205156] parport0: PC-style at 0x378 (0x778), irq 5, using FIFO [PCSPP,TRISTATE,COMPAT,EPP,ECP]
Apr 11 09:26:26 HP-ProBook-650-G1 kernel: [    7.247434] nf_conntrack version 0.5.0 (65536 buckets, 262144 max)
Apr 11 09:26:26 HP-ProBook-650-G1 kernel: [    7.278749] ip6_tables: (C) 2000-2006 Netfilter Core Team
Apr 11 09:26:26 HP-ProBook-650-G1 kernel: [    7.300134] lp0: using parport0 (interrupt-driven).
Apr 11 09:26:26 HP-ProBook-650-G1 kernel: [    7.514678] shpchp: Standard Hot Plug PCI Controller Driver version: 0.4
Apr 11 09:26:26 HP-ProBook-650-G1 kernel: [    7.516574] audit: type=1400 audit(1618089984.812:2): apparmor="STATUS" operation="profile_load" profile="unconfined" name="/usr/bin/man" pid=626 comm="apparmor_parser"
Apr 11 09:26:26 HP-ProBook-650-G1 kernel: [    7.516577] audit: type=1400 audit(1618089984.812:3): apparmor="STATUS" operation="profile_load" profile="unconfined" name="man_filter" pid=626 comm="apparmor_parser"
Apr 11 09:26:26 HP-ProBook-650-G1 kernel: [    7.516579] audit: type=1400 audit(1618089984.812:4): apparmor="STATUS" operation="profile_load" profile="unconfined" name="man_groff" pid=626 comm="apparmor_parser"
Apr 11 09:26:26 HP-ProBook-650-G1 kernel: [    7.517501] input: HP Wireless hotkeys as /devices/virtual/input/input15
Apr 11 09:26:26 HP-ProBook-650-G1 kernel: [    7.518197] audit: type=1400 audit(1618089984.812:5): apparmor="STATUS" operation="profile_load" profile="unconfined" name="/sbin/dhclient" pid=624 comm="apparmor_parser"
Apr 11 09:26:26 HP-ProBook-650-G1 kernel: [    7.518200] audit: type=1400 audit(1618089984.812:6): apparmor="STATUS" operation="profile_load" profile="unconfined" name="/usr/lib/NetworkManager/nm-dhcp-client.action" pid=624 comm="apparmor_parser"
Apr 11 09:26:26 HP-ProBook-650-G1 kernel: [    7.518202] audit: type=1400 audit(1618089984.812:7): apparmor="STATUS" operation="profile_load" profile="unconfined" name="/usr/lib/NetworkManager/nm-dhcp-helper" pid=624 comm="apparmor_parser"
Apr 11 09:26:26 HP-ProBook-650-G1 kernel: [    7.518204] audit: type=1400 audit(1618089984.812:8): apparmor="STATUS" operation="profile_load" profile="unconfined" name="/usr/lib/connman/scripts/dhclient-script" pid=624 comm="apparmor_parser"
Apr 11 09:26:26 HP-ProBook-650-G1 kernel: [    7.525350] EDAC ie31200: No ECC support
Apr 11 09:26:26 HP-ProBook-650-G1 kernel: [    7.525375] EDAC ie31200: No ECC support
Apr 11 09:26:26 HP-ProBook-650-G1 kernel: [    7.531652] audit: type=1400 audit(1618089984.824:9): apparmor="STATUS" operation="profile_load" profile="unconfined" name="/usr/lib/lightdm/lightdm-guest-session" pid=623 comm="apparmor_parser"
Apr 11 09:26:26 HP-ProBook-650-G1 kernel: [    7.531655] audit: type=1400 audit(1618089984.824:10): apparmor="STATUS" operation="profile_load" profile="unconfined" name="/usr/lib/lightdm/lightdm-guest-session//chromium" pid=623 comm="apparmor_parser"
Apr 11 09:26:26 HP-ProBook-650-G1 kernel: [    7.536913] audit: type=1400 audit(1618089984.828:11): apparmor="STATUS" operation="profile_load" profile="unconfined" name="/usr/sbin/cups-browsed" pid=644 comm="apparmor_parser"
Apr 11 09:26:26 HP-ProBook-650-G1 kernel: [    7.553771] hp_accel: hardware type HPB65xx found
Apr 11 09:26:26 HP-ProBook-650-G1 kernel: [    7.643814] cfg80211: Loading compiled-in X.509 certificates for regulatory database
Apr 11 09:26:26 HP-ProBook-650-G1 kernel: [    7.647443] ACPI Warning: SystemIO range 0x0000000000001828-0x000000000000182F conflicts with OpRegion 0x0000000000001800-0x000000000000187F (\PMIO) (20170831/utaddress-247)
Apr 11 09:26:26 HP-ProBook-650-G1 kernel: [    7.647450] ACPI Warning: SystemIO range 0x0000000000001828-0x000000000000182F conflicts with OpRegion 0x0000000000001800-0x000000000000187F (\PMIO) (20170831/utaddress-247)
Apr 11 09:26:26 HP-ProBook-650-G1 kernel: [    7.647454] ACPI: If an ACPI driver is available for this device, you should use it instead of the native driver
Apr 11 09:26:26 HP-ProBook-650-G1 kernel: [    7.647457] ACPI Warning: SystemIO range 0x0000000000000840-0x000000000000084F conflicts with OpRegion 0x0000000000000800-0x0000000000000BFF (\GPIO) (20170831/utaddress-247)
Apr 11 09:26:26 HP-ProBook-650-G1 kernel: [    7.647461] ACPI Warning: SystemIO range 0x0000000000000840-0x000000000000084F conflicts with OpRegion 0x0000000000000800-0x0000000000000BFF (\GPIO) (20170831/utaddress-247)
Apr 11 09:26:26 HP-ProBook-650-G1 kernel: [    7.647464] ACPI: If an ACPI driver is available for this device, you should use it instead of the native driver
Apr 11 09:26:26 HP-ProBook-650-G1 kernel: [    7.647465] ACPI Warning: SystemIO range 0x0000000000000830-0x000000000000083F conflicts with OpRegion 0x0000000000000800-0x000000000000083F (\GPRL) (20170831/utaddress-247)
Apr 11 09:26:26 HP-ProBook-650-G1 kernel: [    7.647469] ACPI Warning: SystemIO range 0x0000000000000830-0x000000000000083F conflicts with OpRegion 0x0000000000000800-0x000000000000083F (\GPRL) (20170831/utaddress-247)
Apr 11 09:26:26 HP-ProBook-650-G1 kernel: [    7.647472] ACPI Warning: SystemIO range 0x0000000000000830-0x000000000000083F conflicts with OpRegion 0x0000000000000800-0x0000000000000BFF (\GPIO) (20170831/utaddress-247)
Apr 11 09:26:26 HP-ProBook-650-G1 kernel: [    7.647475] ACPI Warning: SystemIO range 0x0000000000000830-0x000000000000083F conflicts with OpRegion 0x0000000000000800-0x0000000000000BFF (\GPIO) (20170831/utaddress-247)
Apr 11 09:26:26 HP-ProBook-650-G1 kernel: [    7.647479] ACPI: If an ACPI driver is available for this device, you should use it instead of the native driver
Apr 11 09:26:26 HP-ProBook-650-G1 kernel: [    7.647480] ACPI Warning: SystemIO range 0x0000000000000800-0x000000000000082F conflicts with OpRegion 0x0000000000000800-0x000000000000083F (\GPRL) (20170831/utaddress-247)
Apr 11 09:26:26 HP-ProBook-650-G1 kernel: [    7.647483] ACPI Warning: SystemIO range 0x0000000000000800-0x000000000000082F conflicts with OpRegion 0x0000000000000800-0x000000000000083F (\GPRL) (20170831/utaddress-247)
Apr 11 09:26:26 HP-ProBook-650-G1 kernel: [    7.647487] ACPI Warning: SystemIO range 0x0000000000000800-0x000000000000082F conflicts with OpRegion 0x0000000000000800-0x0000000000000BFF (\GPIO) (20170831/utaddress-247)
Apr 11 09:26:26 HP-ProBook-650-G1 kernel: [    7.647490] ACPI Warning: SystemIO range 0x0000000000000800-0x000000000000082F conflicts with OpRegion 0x0000000000000800-0x0000000000000BFF (\GPIO) (20170831/utaddress-247)
Apr 11 09:26:26 HP-ProBook-650-G1 kernel: [    7.647493] ACPI Warning: SystemIO range 0x0000000000000800-0x000000000000082F conflicts with OpRegion 0x0000000000000810-0x0000000000000813 (\IO_D) (20170831/utaddress-247)
Apr 11 09:26:26 HP-ProBook-650-G1 kernel: [    7.647496] ACPI Warning: SystemIO range 0x0000000000000800-0x000000000000082F conflicts with OpRegion 0x0000000000000810-0x0000000000000813 (\IO_D) (20170831/utaddress-247)
Apr 11 09:26:26 HP-ProBook-650-G1 kernel: [    7.647499] ACPI Warning: SystemIO range 0x0000000000000800-0x000000000000082F conflicts with OpRegion 0x0000000000000800-0x000000000000080F (\IO_T) (20170831/utaddress-247)
Apr 11 09:26:26 HP-ProBook-650-G1 kernel: [    7.647503] ACPI Warning: SystemIO range 0x0000000000000800-0x000000000000082F conflicts with OpRegion 0x0000000000000800-0x000000000000080F (\IO_T) (20170831/utaddress-247)
Apr 11 09:26:26 HP-ProBook-650-G1 kernel: [    7.647506] ACPI: If an ACPI driver is available for this device, you should use it instead of the native driver
Apr 11 09:26:26 HP-ProBook-650-G1 kernel: [    7.647507] lpc_ich: Resource conflict(s) found affecting gpio_ich
Apr 11 09:26:26 HP-ProBook-650-G1 kernel: [    7.660567] cfg80211: Loaded X.509 cert 'sforshee: 00b28ddf47aef9cea7'
Apr 11 09:26:26 HP-ProBook-650-G1 kernel: [    7.692186] lis3lv02d: 8 bits 3DC sensor found
Apr 11 09:26:26 HP-ProBook-650-G1 kernel: [    7.711136] snd_hda_intel 0000:00:03.0: bound 0000:00:02.0 (ops i915_audio_component_bind_ops [i915])
Apr 11 09:26:26 HP-ProBook-650-G1 kernel: [    7.712735] Intel(R) Wireless WiFi driver for Linux
Apr 11 09:26:26 HP-ProBook-650-G1 kernel: [    7.712735] Copyright(c) 2003- 2015 Intel Corporation
Apr 11 09:26:26 HP-ProBook-650-G1 kernel: [    7.713082] iwlwifi 0000:02:00.0: can't disable ASPM; OS doesn't have ASPM control
Apr 11 09:26:26 HP-ProBook-650-G1 kernel: [    7.727356] iwlwifi 0000:02:00.0: loaded firmware version 18.168.6.1 op_mode iwldvm
Apr 11 09:26:26 HP-ProBook-650-G1 kernel: [    7.736844] snd_hda_codec_idt hdaudioC1D0: autoconfig for 92HD91BXX: line_outs=1 (0xa/0x0/0x0/0x0/0x0) type:line
Apr 11 09:26:26 HP-ProBook-650-G1 kernel: [    7.736847] snd_hda_codec_idt hdaudioC1D0:    speaker_outs=1 (0xd/0x0/0x0/0x0/0x0)
Apr 11 09:26:26 HP-ProBook-650-G1 kernel: [    7.736849] snd_hda_codec_idt hdaudioC1D0:    hp_outs=1 (0xb/0x0/0x0/0x0/0x0)
Apr 11 09:26:26 HP-ProBook-650-G1 kernel: [    7.736850] snd_hda_codec_idt hdaudioC1D0:    mono: mono_out=0x0
Apr 11 09:26:26 HP-ProBook-650-G1 kernel: [    7.736851] snd_hda_codec_idt hdaudioC1D0:    inputs:
Apr 11 09:26:26 HP-ProBook-650-G1 kernel: [    7.736853] snd_hda_codec_idt hdaudioC1D0:      Mic=0xc
Apr 11 09:26:26 HP-ProBook-650-G1 kernel: [    7.736854] snd_hda_codec_idt hdaudioC1D0:      Internal Mic=0x11
Apr 11 09:26:26 HP-ProBook-650-G1 kernel: [    7.736856] snd_hda_codec_idt hdaudioC1D0:      Line=0xf
Apr 11 09:26:26 HP-ProBook-650-G1 kernel: [    7.768769] iwlwifi 0000:02:00.0: CONFIG_IWLWIFI_DEBUG disabled
Apr 11 09:26:26 HP-ProBook-650-G1 kernel: [    7.768771] iwlwifi 0000:02:00.0: CONFIG_IWLWIFI_DEBUGFS enabled
Apr 11 09:26:26 HP-ProBook-650-G1 kernel: [    7.768773] iwlwifi 0000:02:00.0: CONFIG_IWLWIFI_DEVICE_TRACING enabled
Apr 11 09:26:26 HP-ProBook-650-G1 kernel: [    7.768775] iwlwifi 0000:02:00.0: Detected Intel(R) Centrino(R) Advanced-N 6235 AGN, REV=0xB0
Apr 11 09:26:26 HP-ProBook-650-G1 kernel: [    7.775147] input: HDA Intel HDMI HDMI/DP,pcm=3 as /devices/pci0000:00/0000:00:03.0/sound/card0/input16
